{
  "data": {
    "NewCity": {
      "properties": [
        "rangeIncludes"
      ]
    },
    "geoId/06085": {
      "properties": [
        "affectedPlace",
        "containedInPlace",
        "geoOverlaps",
        "locatedIn",
        "location",
        "member"
      ]
    },
    "test_stat_var": {}
  }
}