{
  "by_variable": {
    "test_var_1": {
      "by_entity": {
        "ein/1": {
          "ordered_facets": [
            {
              "facet_id": "1610623020",
              "observations": [
                {
                  "date": "2023",
                  "value": 301
                }
              ],
              "obs_count": 1,
              "earliest_date": "2023",
              "latest_date": "2023"
            }
          ]
        },
        "ein/2": {}
      }
    }
  },
  "facets": {
    "1610623020": {
      "import_name": "Custom Prov",
      "provenance_url": "custom.datacommons.org",
      "is_dc_aggregate": true
    }
  }
}