{
  "by_variable": {
    "Count_Person_Female": {
      "by_entity": {
        "wikidataId/Q187712": {},
        "wikidataId/Q613": {}
      }
    }
  }
}