{
  "observations_by_variable": [
    {
      "variable": "dummy",
      "observations_by_entity": [
        {
          "entity": "dummy"
        },
        {
          "entity": "country/FRA"
        },
        {
          "entity": "country/USA"
        },
        {
          "entity": "geoId/06"
        },
        {
          "entity": "geoId/0649670"
        }
      ]
    },
    {
      "variable": "Count_Person",
      "observations_by_entity": [
        {
          "entity": "dummy"
        },
        {
          "entity": "country/FRA",
          "points_by_facet": [
            {
              "date": "2023",
              "value": 68170228,
              "facet": "3981252704"
            }
          ]
        },
        {
          "entity": "country/USA",
          "points_by_facet": [
            {
              "date": "2023",
              "value": 334914895,
              "facet": "2176550201"
            }
          ]
        },
        {
          "entity": "geoId/06",
          "points_by_facet": [
            {
              "date": "2023",
              "value": 38965193,
              "facet": "2176550201"
            }
          ]
        },
        {
          "entity": "geoId/0649670",
          "points_by_facet": [
            {
              "date": "2023",
              "value": 81785,
              "facet": "2176550201"
            }
          ]
        }
      ]
    },
    {
      "variable": "Count_CriminalActivities_CombinedCrime",
      "observations_by_entity": [
        {
          "entity": "dummy"
        },
        {
          "entity": "country/FRA"
        },
        {
          "entity": "country/USA",
          "points_by_facet": [
            {
              "date": "2023",
              "value": 7692556,
              "facet": "1688273529"
            }
          ]
        },
        {
          "entity": "geoId/06",
          "points_by_facet": [
            {
              "date": "2023",
              "value": 1104212,
              "facet": "4277990144"
            }
          ]
        },
        {
          "entity": "geoId/0649670",
          "points_by_facet": [
            {
              "date": "2019",
              "value": 2634,
              "facet": "4277990144"
            }
          ]
        }
      ]
    },
    {
      "variable": "Amount_EconomicActivity_GrossNationalIncome_PurchasingPowerParity_PerCapita",
      "observations_by_entity": [
        {
          "entity": "dummy"
        },
        {
          "entity": "country/FRA",
          "points_by_facet": [
            {
              "date": "2023",
              "value": 62130,
              "facet": "2171028778"
            }
          ]
        },
        {
          "entity": "country/USA",
          "points_by_facet": [
            {
              "date": "2023",
              "value": 82190,
              "facet": "2171028778"
            }
          ]
        },
        {
          "entity": "geoId/06"
        },
        {
          "entity": "geoId/0649670"
        }
      ]
    },
    {
      "variable": "Annual_Generation_Electricity",
      "observations_by_entity": [
        {
          "entity": "dummy"
        },
        {
          "entity": "country/FRA"
        },
        {
          "entity": "country/USA",
          "points_by_facet": [
            {
              "date": "2020",
              "value": 4009084999080,
              "facet": "2392525955"
            }
          ]
        },
        {
          "entity": "geoId/06",
          "points_by_facet": [
            {
              "date": "2020",
              "value": 194110262920,
              "facet": "2392525955"
            }
          ]
        },
        {
          "entity": "geoId/0649670"
        }
      ]
    },
    {
      "variable": "Count_Person_Unemployed",
      "observations_by_entity": [
        {
          "entity": "dummy"
        },
        {
          "entity": "country/FRA"
        },
        {
          "entity": "country/USA",
          "points_by_facet": [
            {
              "date": "2024-10",
              "value": 6984000,
              "facet": "3707913853"
            }
          ]
        },
        {
          "entity": "geoId/06",
          "points_by_facet": [
            {
              "date": "2024-10",
              "value": 1043832,
              "facet": "324358135"
            }
          ]
        },
        {
          "entity": "geoId/0649670",
          "points_by_facet": [
            {
              "date": "2024-09",
              "value": 1651,
              "facet": "324358135"
            }
          ]
        }
      ]
    }
  ],
  "facets": {
    "10983471": {
      "import_name": "CensusACS5YearSurvey_SubjectTables_S2601A",
      "provenance_url": "https://data.census.gov/cedsci/table?q=S2601A&tid=ACSST5Y2019.S2601A",
      "measurement_method": "CensusACS5yrSurveySubjectTable"
    },
    "1145703171": {
      "import_name": "CensusACS5YearSurvey",
      "provenance_url": "https://www.census.gov/programs-surveys/acs/data/data-via-ftp.html",
      "measurement_method": "CensusACS5yrSurvey"
    },
    "1151455814": {
      "import_name": "OECDRegionalDemography",
      "provenance_url": "https://stats.oecd.org/Index.aspx?DataSetCode=REGION_DEMOGR#",
      "measurement_method": "OECDRegionalStatistics",
      "observation_period": "P1Y"
    },
    "1226172227": {
      "import_name": "CensusACS1YearSurvey",
      "provenance_url": "https://www.census.gov/programs-surveys/acs/data/data-via-ftp.html",
      "measurement_method": "CensusACS1yrSurvey"
    },
    "1249140336": {
      "import_name": "BLS_LAUS",
      "provenance_url": "https://www.bls.gov/lau/",
      "measurement_method": "BLSSeasonallyAdjusted",
      "observation_period": "P1M"
    },
    "1450533103": {
      "import_name": "UNEnergy",
      "provenance_url": "https://unstats.un.org/unsd/energystats/data/",
      "observation_period": "P1Y",
      "unit": "KilowattHour"
    },
    "1541763368": {
      "import_name": "USDecennialCensus_RedistrictingRelease",
      "provenance_url": "https://www.census.gov/programs-surveys/decennial-census/about/rdo/summary-files.html",
      "measurement_method": "USDecennialCensus"
    },
    "1688273529": {
      "import_name": "FBIGovCrime_AggCountry",
      "provenance_url": "http://www.fbi.gov/services/cjis/ucr",
      "observation_period": "P1Y",
      "is_dc_aggregate": true
    },
    "1714978719": {
      "import_name": "BLS_CPS",
      "provenance_url": "https://www.bls.gov/cps/",
      "measurement_method": "BLSSeasonallyAdjusted",
      "observation_period": "P3M"
    },
    "1733625304": {
      "import_name": "EurostatData_Demographic_Balance_Crude_Rates",
      "provenance_url": "https://ec.europa.eu/eurostat/databrowser/view/demo_r_gind3/default/table?lang=en",
      "measurement_method": "EurostatRegionalStatistics"
    },
    "1964317807": {
      "import_name": "CensusACS5YearSurvey_SubjectTables_S0101",
      "provenance_url": "https://data.census.gov/table?q=S0101:+Age+and+Sex&tid=ACSST1Y2022.S0101",
      "measurement_method": "CensusACS5yrSurveySubjectTable"
    },
    "196790193": {
      "import_name": "CensusACS5YearSurvey_SubjectTables_S2602",
      "provenance_url": "https://data.census.gov/cedsci/table?q=S2602&tid=ACSST5Y2019.S2602",
      "measurement_method": "CensusACS5yrSurveySubjectTable"
    },
    "2171028778": {
      "import_name": "WorldDevelopmentIndicators",
      "provenance_url": "https://datacatalog.worldbank.org/dataset/world-development-indicators/",
      "observation_period": "P1Y",
      "unit": "InternationalDollar"
    },
    "217147238": {
      "import_name": "CensusACS5YearSurvey_SubjectTables_S2603",
      "provenance_url": "https://data.census.gov/cedsci/table?q=S2603&tid=ACSST5Y2019.S2603",
      "measurement_method": "CensusACS5yrSurveySubjectTable"
    },
    "2176550201": {
      "import_name": "USCensusPEP_Annual_Population",
      "provenance_url": "https://www2.census.gov/programs-surveys/popest/tables",
      "measurement_method": "CensusPEPSurvey",
      "observation_period": "P1Y"
    },
    "2392525955": {
      "import_name": "EIA_Electricity",
      "provenance_url": "https://www.eia.gov/opendata/qb.php?category=0",
      "unit": "KilowattHour"
    },
    "2517965213": {
      "import_name": "CensusPEP",
      "provenance_url": "https://www.census.gov/programs-surveys/popest.html",
      "measurement_method": "CensusPEPSurvey"
    },
    "2645850372": {
      "import_name": "CensusACS5YearSurvey_AggCountry",
      "provenance_url": "https://www.census.gov/",
      "measurement_method": "CensusACS5yrSurvey",
      "is_dc_aggregate": true
    },
    "2825511676": {
      "import_name": "CDC_Mortality_UnderlyingCause",
      "provenance_url": "https://wonder.cdc.gov/ucd-icd10.html"
    },
    "2978659163": {
      "import_name": "BLS_LAUS",
      "provenance_url": "https://www.bls.gov/lau/",
      "measurement_method": "BLSSeasonallyUnadjusted",
      "observation_period": "P1Y"
    },
    "324358135": {
      "import_name": "BLS_LAUS",
      "provenance_url": "https://www.bls.gov/lau/",
      "measurement_method": "BLSSeasonallyUnadjusted",
      "observation_period": "P1M"
    },
    "3707913853": {
      "import_name": "BLS_CPS",
      "provenance_url": "https://www.bls.gov/cps/",
      "measurement_method": "BLSSeasonallyAdjusted",
      "observation_period": "P1M"
    },
    "3981252704": {
      "import_name": "WorldDevelopmentIndicators",
      "provenance_url": "https://datacatalog.worldbank.org/dataset/world-development-indicators/",
      "observation_period": "P1Y"
    },
    "4277990144": {
      "import_name": "FBIGovCrime",
      "provenance_url": "http://www.fbi.gov/services/cjis/ucr",
      "observation_period": "P1Y"
    }
  }
}