{
  "observations_by_variable": [
    {
      "variable": "Count_Person",
      "observations_by_entity": [
        {
          "entity": "dummy"
        },
        {
          "entity": "country/FRA",
          "points_by_facet": [
            {
              "date": "2010",
              "value": 64658856,
              "facet": "1856007443"
            }
          ]
        },
        {
          "entity": "country/USA",
          "points_by_facet": [
            {
              "date": "2010",
              "value": 309327143,
              "facet": "2782870351"
            }
          ]
        },
        {
          "entity": "geoId/06",
          "points_by_facet": [
            {
              "date": "2010",
              "value": 37319550,
              "facet": "2782870351"
            }
          ]
        },
        {
          "entity": "geoId/0649670",
          "points_by_facet": [
            {
              "date": "2010",
              "value": 73759,
              "facet": "2782870351"
            }
          ]
        }
      ]
    },
    {
      "variable": "Count_CriminalActivities_CombinedCrime",
      "observations_by_entity": [
        {
          "entity": "dummy"
        },
        {
          "entity": "country/FRA"
        },
        {
          "entity": "country/USA",
          "points_by_facet": [
            {
              "date": "2010",
              "value": 10292375,
              "facet": "3051661419"
            }
          ]
        },
        {
          "entity": "geoId/06",
          "points_by_facet": [
            {
              "date": "2010",
              "value": 1146072,
              "facet": "257807766"
            }
          ]
        },
        {
          "entity": "geoId/0649670",
          "points_by_facet": [
            {
              "date": "2010",
              "value": 1633,
              "facet": "257807766"
            }
          ]
        }
      ]
    },
    {
      "variable": "Amount_EconomicActivity_GrossNationalIncome_PurchasingPowerParity_PerCapita",
      "observations_by_entity": [
        {
          "entity": "dummy"
        },
        {
          "entity": "country/FRA",
          "points_by_facet": [
            {
              "date": "2010",
              "value": 36730,
              "facet": "2070878104"
            }
          ]
        },
        {
          "entity": "country/USA",
          "points_by_facet": [
            {
              "date": "2010",
              "value": 49050,
              "facet": "2070878104"
            }
          ]
        },
        {
          "entity": "geoId/06"
        },
        {
          "entity": "geoId/0649670"
        }
      ]
    }
  ],
  "facets": {
    "1856007443": {
      "import_name": "EurostatData",
      "provenance_url": "https://ec.europa.eu/eurostat/data/database",
      "measurement_method": "EurostatRegionalPopulationData"
    },
    "2070878104": {
      "import_name": "WorldDevelopmentIndicators",
      "provenance_url": "https://datacatalog.worldbank.org/dataset/world-development-indicators/",
      "observation_period": "P1Y",
      "unit": "InternationalDollar"
    },
    "257807766": {
      "import_name": "FBIGovCrime",
      "provenance_url": "http://www.fbi.gov/services/cjis/ucr",
      "observation_period": "P1Y"
    },
    "2782870351": {
      "import_name": "USCensusPEP_Annual_Population",
      "provenance_url": "https://www2.census.gov/programs-surveys/popest/tables",
      "measurement_method": "CensusPEPSurvey",
      "observation_period": "P1Y"
    },
    "3051661419": {
      "import_name": "FBIGovCrime_AggCountry",
      "provenance_url": "http://www.fbi.gov/services/cjis/ucr",
      "observation_period": "P1Y",
      "is_dc_aggregate": true
    }
  }
}