{
  "node": "dc/g/Demographics",
  "info": {
    "absoluteName": "Demographics",
    "childStatVars": [
      {
        "id": "Mean_MealCost_Person_FoodSecure",
        "searchNames": [
          "Mean Cost of Person With Food Security Status is Food Secure, Food Type is Meal"
        ],
        "displayName": "Average Meal Cost for Food Secure People",
        "definition": "st=meanValue,mp=cost,pt=Person,foodSecurityStatus=FoodSecure,foodType=Meal",
        "hasData": true
      },
      {
        "id": "FertilityRate_Person_Female",
        "searchNames": [
          "Fertility Rate of Person"
        ],
        "displayName": "Fertility Rate",
        "definition": "mp=fertilityRate,pt=Person",
        "hasData": true
      },
      {
        "id": "FertilityRate_Person_Female_AsAFractionOf_Count_Person_Female",
        "searchNames": [
          "Fertility Rate of Person (As Fraction of Count Person Female)"
        ],
        "displayName": "Fertility rate (%)",
        "definition": "md=Count_Person_Female,mp=fertilityRate,pt=Person",
        "hasData": true
      },
      {
        "id": "GenderIncomeInequality_Person_15OrMoreYears_WithIncome",
        "searchNames": [
          "Gender Income Inequality of Person"
        ],
        "displayName": "Income Inequality Between Men and Women of Working Age",
        "definition": "mp=genderIncomeInequality,pt=Person",
        "hasData": true
      },
      {
        "id": "LifeExpectancy_Person",
        "searchNames": [
          "Life Expectancy of Person"
        ],
        "displayName": "Life Expectancy",
        "definition": "mp=lifeExpectancy,pt=Person",
        "hasData": true
      },
      {
        "id": "Median_Age_Person",
        "searchNames": [
          "Median Age of Person"
        ],
        "displayName": "Median Age of Population",
        "definition": "st=medianValue,mp=age,pt=Person",
        "hasData": true
      },
      {
        "id": "Median_Income_Person",
        "searchNames": [
          "Median Income of Person"
        ],
        "displayName": "Median Income of a Population",
        "definition": "st=medianValue,mp=income,pt=Person",
        "hasData": true
      },
      {
        "id": "IncrementalCount_Person",
        "searchNames": [
          "Incremental Count of Person"
        ],
        "displayName": "Population Change",
        "definition": "mp=incrementalCount,pt=Person",
        "hasData": true
      },
      {
        "id": "Count_Person_PerArea",
        "searchNames": [
          "Population Count of Person (As Fraction of Area)"
        ],
        "displayName": "Population Density",
        "definition": "md=area,mp=count,pt=Person",
        "hasData": true
      },
      {
        "id": "Count_Person_InfrastructureProject_BrazilRuralDevelopmentProgram",
        "searchNames": [
          "Population Count of Person With Affected by Is Infrastructure Project, Benefit Program is Brazil_Rural Development Program",
          "Nº de famílias atingidas por empreendimentos de infraestrutura beneficiárias do Programa Fomento Rural@pt"
        ],
        "displayName": "Population: Infrastructure Project, Brazil_Rural Development Program",
        "definition": "mp=count,pt=Person,affectedBy=InfrastructureProject,benefitProgram=Brazil_RuralDevelopmentProgram",
        "hasData": true
      },
      {
        "id": "GrowthRate_Count_Person",
        "searchNames": [
          "Growth Rate Population Count of Person"
        ],
        "displayName": "Rate of Population Growth",
        "definition": "st=growthRate,mp=count,pt=Person",
        "hasData": true
      },
      {
        "id": "Count_Person",
        "searchNames": [
          "Population Count of Person"
        ],
        "displayName": "Total Population",
        "definition": "mp=count,pt=Person",
        "hasData": true
      }
    ],
    "childStatVarGroups": [
      {
        "id": "dc/g/Person_Age",
        "specializedEntity": "Age",
        "displayName": "Person by Age",
        "descendentStatVarCount": 27472
      },
      {
        "id": "dc/g/Person_AgeGroupClassification",
        "specializedEntity": "Age Group Classification",
        "displayName": "Person by Age Group Classification",
        "descendentStatVarCount": 8
      },
      {
        "id": "dc/g/Person_BenefitProgram",
        "specializedEntity": "Benefit Program",
        "displayName": "Person by Benefit Program",
        "descendentStatVarCount": 18
      },
      {
        "id": "dc/g/Person_BenefitsStatus",
        "specializedEntity": "Benefits Status",
        "displayName": "Person by Benefits Status",
        "descendentStatVarCount": 16
      },
      {
        "id": "dc/g/Person_CarpoolOccupancy",
        "specializedEntity": "Carpool Occupancy",
        "displayName": "Person by Carpool Occupancy",
        "descendentStatVarCount": 9
      },
      {
        "id": "dc/g/Child",
        "specializedEntity": "Child",
        "displayName": "Child",
        "descendentStatVarCount": 19
      },
      {
        "id": "dc/g/Children",
        "specializedEntity": "Children",
        "displayName": "Children",
        "descendentStatVarCount": 33
      },
      {
        "id": "dc/g/Person_ChildrenStatus",
        "specializedEntity": "Children Status",
        "displayName": "Person by Children Status",
        "descendentStatVarCount": 7
      },
      {
        "id": "dc/g/Person_CitizenshipStatus",
        "specializedEntity": "Citizenship Status",
        "displayName": "Person by Citizenship Status",
        "descendentStatVarCount": 1565
      },
      {
        "id": "dc/g/CivicStructure",
        "specializedEntity": "Civic Structure",
        "displayName": "Civic Structure",
        "descendentStatVarCount": 4
      },
      {
        "id": "dc/g/Commute",
        "specializedEntity": "Commute",
        "displayName": "Commute",
        "descendentStatVarCount": 471
      },
      {
        "id": "dc/g/Person_CommuteStartTime",
        "specializedEntity": "Commute Start Time",
        "displayName": "Person by Commute Start Time",
        "descendentStatVarCount": 70
      },
      {
        "id": "dc/g/Person_CommuteType",
        "specializedEntity": "Commute Type",
        "displayName": "Person by Commute Type",
        "descendentStatVarCount": 135
      },
      {
        "id": "dc/g/Person_ComparisonRegion",
        "specializedEntity": "Comparison Region",
        "displayName": "Person by Comparison Region",
        "descendentStatVarCount": 48
      },
      {
        "id": "dc/g/Courthouse",
        "specializedEntity": "Courthouse",
        "displayName": "Courthouse",
        "descendentStatVarCount": 2
      },
      {
        "id": "dc/g/Person_CrashInvolvement",
        "specializedEntity": "Crash Involvement",
        "displayName": "Person by Crash Involvement",
        "descendentStatVarCount": 4
      },
      {
        "id": "dc/g/Person_DateOfEntry",
        "specializedEntity": "Date of Entry",
        "displayName": "Person by Date of Entry",
        "descendentStatVarCount": 236
      },
      {
        "id": "dc/g/Person_DeprivationDomain",
        "specializedEntity": "Deprivation Domain",
        "displayName": "Person by Deprivation Domain",
        "descendentStatVarCount": 45
      },
      {
        "id": "dc/g/Person_DeviceUsed",
        "specializedEntity": "Device Used",
        "displayName": "Person by Device Used",
        "descendentStatVarCount": 3
      },
      {
        "id": "dc/g/Person_DisabilityStatus",
        "specializedEntity": "Disability Status",
        "displayName": "Person by Disability Status",
        "descendentStatVarCount": 543
      },
      {
        "id": "dc/g/Person_Earnings",
        "specializedEntity": "Earnings",
        "displayName": "Person by Earnings",
        "descendentStatVarCount": 139
      },
      {
        "id": "dc/g/Person_ElectronicGadgetUsed",
        "specializedEntity": "Electronic Gadget Used",
        "displayName": "Person by Electronic Gadget Used",
        "descendentStatVarCount": 407
      },
      {
        "id": "dc/g/Person_Employer",
        "specializedEntity": "Employer",
        "displayName": "Person by Employer",
        "descendentStatVarCount": 2
      },
      {
        "id": "dc/g/Person_Ethnicity",
        "specializedEntity": "Ethnicity",
        "displayName": "Person by Ethnicity",
        "descendentStatVarCount": 1741
      },
      {
        "id": "dc/g/Person_Facilities",
        "specializedEntity": "Facilities (Individual)",
        "displayName": "Person by Facilities",
        "descendentStatVarCount": 3
      },
      {
        "id": "dc/g/Place_Facilities",
        "specializedEntity": "Facilities (Location)",
        "displayName": "Place by Facilities",
        "descendentStatVarCount": 3
      },
      {
        "id": "dc/g/Food",
        "specializedEntity": "Food",
        "displayName": "Food",
        "descendentStatVarCount": 10
      },
      {
        "id": "dc/g/FoodBasket",
        "specializedEntity": "Food Basket",
        "displayName": "Food Basket",
        "descendentStatVarCount": 34
      },
      {
        "id": "dc/g/Person_FoodSecurityStatus",
        "specializedEntity": "Food Security Status",
        "displayName": "Person by Food Security Status",
        "descendentStatVarCount": 15
      },
      {
        "id": "dc/g/Person_Gender",
        "specializedEntity": "Gender",
        "displayName": "Person by Gender",
        "descendentStatVarCount": 25066
      },
      {
        "id": "dc/g/Person_GovernmentId",
        "specializedEntity": "Government Id",
        "displayName": "Person by Government Id",
        "descendentStatVarCount": 2
      },
      {
        "id": "dc/g/Person_GovernmentIdentifier",
        "specializedEntity": "Government Identifier",
        "displayName": "Person by Government Identifier",
        "descendentStatVarCount": 2
      },
      {
        "id": "dc/g/Person_HealthInsurance",
        "specializedEntity": "Health Insurance (Individual)",
        "displayName": "Person by Health Insurance",
        "descendentStatVarCount": 2028
      },
      {
        "id": "dc/g/House",
        "specializedEntity": "House",
        "displayName": "House",
        "descendentStatVarCount": 3
      },
      {
        "id": "dc/g/Household",
        "specializedEntity": "Household",
        "displayName": "Household",
        "descendentStatVarCount": 3515
      },
      {
        "id": "dc/g/Person_HouseholdIncome",
        "specializedEntity": "Household Income",
        "displayName": "Person by Household Income",
        "descendentStatVarCount": 44
      },
      {
        "id": "dc/g/Person_HouseholdType",
        "specializedEntity": "Household Type",
        "displayName": "Person by Household Type",
        "descendentStatVarCount": 474
      },
      {
        "id": "dc/g/Households",
        "specializedEntity": "Households",
        "displayName": "Households",
        "descendentStatVarCount": 47
      },
      {
        "id": "dc/g/Person_IdentityActivity",
        "specializedEntity": "Identity Activity",
        "displayName": "Person by Identity Activity",
        "descendentStatVarCount": 2
      },
      {
        "id": "dc/g/ImmigrationAndCitizenship",
        "specializedEntity": "Immigration and Citizenship",
        "displayName": "Immigration and Citizenship",
        "descendentStatVarCount": 3973
      },
      {
        "id": "dc/g/Person_Income",
        "specializedEntity": "Income (Individual)",
        "displayName": "Person by Income",
        "descendentStatVarCount": 1974
      },
      {
        "id": "dc/g/Person_IncomeStatus",
        "specializedEntity": "Income Status (Individual)",
        "displayName": "Person by Income Status",
        "descendentStatVarCount": 609
      },
      {
        "id": "dc/g/Infant",
        "specializedEntity": "Infant",
        "displayName": "Infant",
        "descendentStatVarCount": 2
      },
      {
        "id": "dc/g/Person_InternetAccessStatus",
        "specializedEntity": "Internet Access Status",
        "displayName": "Person by Internet Access Status",
        "descendentStatVarCount": 5
      },
      {
        "id": "dc/g/Person_InternetUsageLocation",
        "specializedEntity": "Internet Usage Location",
        "displayName": "Person by Internet Usage Location",
        "descendentStatVarCount": 405
      },
      {
        "id": "dc/g/Person_IsInternetUser",
        "specializedEntity": "Is Internet User",
        "displayName": "Person by Is Internet User",
        "descendentStatVarCount": 406
      },
      {
        "id": "dc/g/Person_LaborForceStatus",
        "specializedEntity": "Labor Force Status",
        "displayName": "Person by Labor Force Status",
        "descendentStatVarCount": 3161
      },
      {
        "id": "dc/g/Language",
        "specializedEntity": "Language",
        "displayName": "Language",
        "descendentStatVarCount": 510
      },
      {
        "id": "dc/g/Person_LiteracyStatus",
        "specializedEntity": "Literacy Status",
        "displayName": "Person by Literacy Status",
        "descendentStatVarCount": 302
      },
      {
        "id": "dc/g/Person_MaritalStatus",
        "specializedEntity": "Marital Status",
        "displayName": "Person by Marital Status",
        "descendentStatVarCount": 1618
      },
      {
        "id": "dc/g/MaternalMortalityEvent",
        "specializedEntity": "Maternal Mortality Event",
        "displayName": "Maternal Mortality Event",
        "descendentStatVarCount": 3
      },
      {
        "id": "dc/g/Person_MemberStatus",
        "specializedEntity": "Member Status",
        "displayName": "Person by Member Status",
        "descendentStatVarCount": 96
      },
      {
        "id": "dc/g/MilitaryService",
        "specializedEntity": "Military Service",
        "displayName": "Military Service",
        "descendentStatVarCount": 2388
      },
      {
        "id": "dc/g/Demographics_Miscellaneous",
        "specializedEntity": "Miscellaneous",
        "displayName": "Miscellaneous",
        "descendentStatVarCount": 1546
      },
      {
        "id": "dc/g/Mother",
        "specializedEntity": "Mother",
        "displayName": "Mother",
        "descendentStatVarCount": 37
      },
      {
        "id": "dc/g/MunicipalWard",
        "specializedEntity": "Municipal Ward",
        "displayName": "Municipal Ward",
        "descendentStatVarCount": 3
      },
      {
        "id": "dc/g/NonPregnantWoman",
        "specializedEntity": "Non Pregnant Woman",
        "displayName": "Non Pregnant Woman",
        "descendentStatVarCount": 6
      },
      {
        "id": "dc/g/Person_NumberOfVehiclesInHousehold",
        "specializedEntity": "Number of Vehicles in Household",
        "displayName": "Person by Number of Vehicles in Household",
        "descendentStatVarCount": 24
      },
      {
        "id": "dc/g/Person_Occupation",
        "specializedEntity": "Occupation",
        "displayName": "Person by Occupation",
        "descendentStatVarCount": 4599
      },
      {
        "id": "dc/g/Place_PlaceType",
        "specializedEntity": "Place Type",
        "displayName": "Place by Place Type",
        "descendentStatVarCount": 2
      },
      {
        "id": "dc/g/Person_PlaceOfBirth",
        "specializedEntity": "Place of Birth",
        "displayName": "Person by Place of Birth",
        "descendentStatVarCount": 1958
      },
      {
        "id": "dc/g/Person_PlaceOfResidenceClassification",
        "specializedEntity": "Place of Residence Classification (Individual)",
        "displayName": "Person by Place of Residence Classification",
        "descendentStatVarCount": 3530
      },
      {
        "id": "dc/g/Place_PlaceOfResidenceClassification",
        "specializedEntity": "Place of Residence Classification (Location)",
        "displayName": "Place by Place of Residence Classification",
        "descendentStatVarCount": 4
      },
      {
        "id": "dc/g/Person_PovertyStatus",
        "specializedEntity": "Poverty Status",
        "displayName": "Person by Poverty Status",
        "descendentStatVarCount": 1068
      },
      {
        "id": "dc/g/Person_Race",
        "specializedEntity": "Race",
        "displayName": "Person by Race",
        "descendentStatVarCount": 19983
      },
      {
        "id": "dc/g/Person_Religion",
        "specializedEntity": "Religion",
        "displayName": "Person by Religion",
        "descendentStatVarCount": 2050
      },
      {
        "id": "dc/g/Residence",
        "specializedEntity": "Residence",
        "displayName": "Residence",
        "descendentStatVarCount": 5199
      },
      {
        "id": "dc/g/Person_ResidentStatus",
        "specializedEntity": "Resident Status",
        "displayName": "Person by Resident Status",
        "descendentStatVarCount": 771
      },
      {
        "id": "dc/g/Place_SocialCondition",
        "specializedEntity": "Social Condition",
        "displayName": "Place by Social Condition",
        "descendentStatVarCount": 2
      },
      {
        "id": "dc/g/Vehicle",
        "specializedEntity": "Vehicle",
        "displayName": "Vehicle",
        "descendentStatVarCount": 5
      },
      {
        "id": "dc/g/VehicleCrashIncident",
        "specializedEntity": "Vehicle Crash Incident",
        "displayName": "Vehicle Crash Incident",
        "descendentStatVarCount": 94
      },
      {
        "id": "dc/g/Person_VehicleOccupantType",
        "specializedEntity": "Vehicle Occupant Type",
        "displayName": "Person by Vehicle Occupant Type",
        "descendentStatVarCount": 4
      },
      {
        "id": "dc/g/Village",
        "specializedEntity": "Village",
        "displayName": "Village",
        "descendentStatVarCount": 2
      }
    ],
    "descendentStatVarCount": 45942,
    "parentStatVarGroups": [
      "dc/g/Root"
    ]
  }
}