{
  "node": "dc/g/Root",
  "info": {
    "absoluteName": "Data Commons Variables",
    "childStatVarGroups": [
      {
        "id": "dc/g/Agriculture",
        "specializedEntity": "Agriculture",
        "displayName": "Agriculture",
        "descendentStatVarCount": 16
      },
      {
        "id": "dc/g/Demographics",
        "specializedEntity": "Demographics",
        "displayName": "Demographics",
        "descendentStatVarCount": 9190
      },
      {
        "id": "dc/g/Economy",
        "specializedEntity": "Economy",
        "displayName": "Economy",
        "descendentStatVarCount": 9417
      },
      {
        "id": "dc/g/Education",
        "specializedEntity": "Education",
        "displayName": "Education",
        "descendentStatVarCount": 4883
      },
      {
        "id": "dc/g/Energy",
        "specializedEntity": "Energy",
        "displayName": "Energy",
        "descendentStatVarCount": 1213
      },
      {
        "id": "dc/g/Environment",
        "specializedEntity": "Environment",
        "displayName": "Environment",
        "descendentStatVarCount": 722
      },
      {
        "id": "dc/g/Health",
        "specializedEntity": "Health",
        "displayName": "Health",
        "descendentStatVarCount": 4396
      },
      {
        "id": "dc/g/Housing",
        "specializedEntity": "Housing",
        "displayName": "Housing",
        "descendentStatVarCount": 439
      },
      {
        "id": "dc/g/Crime",
        "specializedEntity": "Crime",
        "displayName": "Crime",
        "descendentStatVarCount": 597
      },
      {
        "id": "dc/g/AboutDataCommons",
        "specializedEntity": "About Data Commons",
        "displayName": "About Data Commons",
        "descendentStatVarCount": 15
      },
      {
        "id": "dc/g/Uncategorized",
        "specializedEntity": "Uncategorized",
        "displayName": "Uncategorized",
        "descendentStatVarCount": 264
      },
      {
        "id": "dc/g/UN",
        "specializedEntity": "12 UN Data Thematic Areas",
        "displayName": "12 UN Data Thematic Areas",
        "descendentStatVarCount": 1186
      },
      {
        "id": "dc/g/SDG",
        "specializedEntity": "Sustainable Development Goals",
        "displayName": "Sustainable Development Goals",
        "descendentStatVarCount": 1333
      }
    ],
    "descendentStatVarCount": 11236
  }
}