{
  "data": {
    "Count_Person": {
      "rankFromTop": 18,
      "rankFromBottom": 3181
    },
    "Median_Age_Person": {
      "rankFromTop": 2573,
      "rankFromBottom": 625
    },
    "Median_Income_Person": {
      "rankFromTop": 15,
      "rankFromBottom": 3183
    },
    "UnemploymentRate_Person": {
      "rankFromTop": 1813,
      "rankFromBottom": 1374
    }
  }
}