{
  "data": {
    "geoId/06": {},
    "test_stat_var": {}
  },
  "nextToken": "H4sIAAAAAAAA/2zNsQrCMBCHcT1re54O8hd8IHVXKLhqLKcEm6Sk18G3lzpK5w++n9wFB5/a9PKNa+tOGx80SmmfTs/PqYYZiOcgJhAvQFyAeAniEgVX27EwiFcgFhCv5S2bYxqi3S6a+xRlH9T1Q9ag0U4aU/DRWcqyq82Z723Eri5792gV9BtOc8TVP/YFAAD//wEAAP//w808eM8AAAA="
}