{
  "data": {
    "NewCity": {
      "arcs": {
        "name": {
          "nodes": [
            {
              "types": [
                "Thing"
              ],
              "value": "NewCity"
            }
          ]
        }
      }
    },
    "bio/hs": {},
    "geoId/06": {
      "arcs": {
        "name": {
          "nodes": [
            {
              "provenanceId": "dc/base/WikidataOtherIdGeos",
              "value": "California"
            }
          ]
        }
      }
    },
    "test_stat_var": {
      "arcs": {
        "name": {
          "nodes": [
            {
              "types": [
                "Thing"
              ],
              "value": "14A. Non-financial accounts by sectors, SNA93: Total change in liabilities and net worth, Total economy, Current prices"
            }
          ]
        }
      }
    }
  }
}