{
  "data": {
    "dc/o/vs51dzghn79eg": {
      "arcs": {
        "measurementMethod": {
          "nodes": [
            {
              "name": "CensusACS5yrSurvey",
              "dcid": "CensusACS5yrSurvey",
              "provenanceId": "dc/base/CensusACS5YearSurvey"
            }
          ]
        },
        "observationAbout": {
          "nodes": [
            {
              "name": "Mountain View",
              "dcid": "geoId/0649670",
              "provenanceId": "dc/base/CensusACS5YearSurvey"
            }
          ]
        },
        "observationDate": {
          "nodes": [
            {
              "provenanceId": "dc/base/CensusACS5YearSurvey",
              "value": "2016"
            }
          ]
        },
        "unit": {
          "nodes": [
            {
              "name": "Year",
              "dcid": "Year",
              "provenanceId": "dc/base/CensusACS5YearSurvey"
            }
          ]
        },
        "value": {
          "nodes": [
            {
              "provenanceId": "dc/base/CensusACS5YearSurvey",
              "value": "35"
            }
          ]
        },
        "variableMeasured": {
          "nodes": [
            {
              "name": "Median Age of Population",
              "dcid": "Median_Age_Person",
              "provenanceId": "dc/base/CensusACS5YearSurvey"
            }
          ]
        }
      }
    }
  }
}