{
  "nodes": [
    {
      "name": "Income Distribution Database: Gini (disposable income, post taxes and transfers), Working age population: 18-65, Current definition, New income definition since 2012",
      "types": [
        "StatisticalVariable"
      ],
      "dcid": "oecd/IDD_GINI_WA_CURRENT_METH2012"
    },
    {
      "name": "Income Distribution Database: Age group 41-50: mean disposable income (current prices), Total population, Current definition, Income definition until 2011",
      "types": [
        "StatisticalVariable"
      ],
      "dcid": "oecd/IDD_INCAC4_TOT_CURRENT_METH2011"
    },
    {
      "name": "Income Distribution Database: Mean disposable income (current prices), Total population, Previous definition - with overlap year, Income definition until 2011",
      "types": [
        "StatisticalVariable"
      ],
      "dcid": "oecd/IDD_INCCTOTAL_TOT_PREVIOUS_METH2011"
    },
    {
      "name": "Income Distribution Database: Capital income (current prices), Retirement age population: above 65, Previous definition - with overlap year, New income definition since 2012",
      "types": [
        "StatisticalVariable"
      ],
      "dcid": "oecd/IDD_KICTOTAL_OLD_PREVIOUS_METH2012"
    },
    {
      "name": "Income Distribution Database: P50/P10  disposable income decile ratio, Retirement age population: above 65, Current definition, New income definition since 2012",
      "types": [
        "StatisticalVariable"
      ],
      "dcid": "oecd/IDD_P50P10_OLD_CURRENT_METH2012"
    },
    {
      "name": "Income Distribution Database: P90/P50  disposable income decile ratio, Retirement age population: above 65, Previous definition - with overlap year, Income definition until 2011",
      "types": [
        "StatisticalVariable"
      ],
      "dcid": "oecd/IDD_P90P50_OLD_PREVIOUS_METH2011"
    },
    {
      "name": "Income Distribution Database: S80/S20 disposable income quintile share, Retirement age population: above 65, Current definition, New income definition since 2012",
      "types": [
        "StatisticalVariable"
      ],
      "dcid": "oecd/IDD_S80S20_OLD_CURRENT_METH2012"
    },
    {
      "name": "Income Distribution Database: Income from self-employment and from goods produced for own consumption (current prices), Total population, Current definition, New income definition since 2012",
      "types": [
        "StatisticalVariable"
      ],
      "dcid": "oecd/IDD_SEICTOTAL_TOT_CURRENT_METH2012"
    },
    {
      "name": "Incomes of minimum wage earners: Couple with 2 children - partner is out of work, Family income, divided by the income of an otherwise identical family working at the average wage, Net income (family level), All employees, expressed in full-time equivalent units, Minimum wage that applies on a selected date of the year (see metadata for details), No, Yes",
      "types": [
        "StatisticalVariable"
      ],
      "dcid": "oecd/IMW_1EARNERC2C_2_1_1_1_0_1"
    },
    {
      "name": "Incomes of minimum wage earners: Couple with 2 children - partner is out of work, Family income, divided by the income of an otherwise identical family working at the median wage, Net income (family level), All employees, expressed in full-time equivalent units, Minimum wage that applies on a selected date of the year (see metadata for details), No, Yes",
      "types": [
        "StatisticalVariable"
      ],
      "dcid": "oecd/IMW_1EARNERC2C_3_1_1_1_0_1"
    },
    {
      "name": "Incomes of minimum wage earners: Couple without children - partner is out of work, Family income, divided by the income of an otherwise identical family working at the average wage, Net income (family level), All employees, expressed in full-time equivalent units, Minimum wage that applies on a selected date of the year (see metadata for details), No, Yes",
      "types": [
        "StatisticalVariable"
      ],
      "dcid": "oecd/IMW_1EARNERC_2_1_1_1_0_1"
    },
    {
      "name": "Incomes of minimum wage earners: Couple without children - partner is out of work, Family income, divided by the income of an otherwise identical family working at the median wage, Net income (family level), All employees, expressed in full-time equivalent units, Minimum wage that applies on a selected date of the year (see metadata for details), No, Yes",
      "types": [
        "StatisticalVariable"
      ],
      "dcid": "oecd/IMW_1EARNERC_3_1_1_1_0_1"
    },
    {
      "name": "Incomes of minimum wage earners: Couple with 2 children - partner's earnings: Minimum Wage, Family income, divided by the income of an otherwise identical family working at the median wage, Net income (family level), All employees, expressed in full-time equivalent units, Weighted average of minimum wage amounts throughout the calendar year, No, Yes",
      "types": [
        "StatisticalVariable"
      ],
      "dcid": "oecd/IMW_2EARNERC2C_MIN_3_1_1_0_0_1"
    },
    {
      "name": "Incomes of minimum wage earners: Couple without children - partner's earnings: Minimum Wage, Family income, divided by the income of an otherwise identical family working at the median wage, Net income (family level), All employees, expressed in full-time equivalent units, Weighted average of minimum wage amounts throughout the calendar year, No, Yes",
      "types": [
        "StatisticalVariable"
      ],
      "dcid": "oecd/IMW_2EARNERC_MIN_3_1_1_0_0_1"
    },
    {
      "name": "Incomes of minimum wage earners: Single person with 2 children, Family income, divided by the income of an otherwise identical family working at the average wage, Net income (family level), All employees, expressed in full-time equivalent units, Minimum wage that applies on a selected date of the year (see metadata for details), No, Yes",
      "types": [
        "StatisticalVariable"
      ],
      "dcid": "oecd/IMW_SINGLE2C_2_1_1_1_0_1"
    },
    {
      "name": "Incomes of minimum wage earners: Single person with 2 children, Family income, divided by the income of an otherwise identical family working at the median wage, Net income (family level), All employees, expressed in full-time equivalent units, Minimum wage that applies on a selected date of the year (see metadata for details), No, Yes",
      "types": [
        "StatisticalVariable"
      ],
      "dcid": "oecd/IMW_SINGLE2C_3_1_1_1_0_1"
    },
    {
      "name": "Incomes of minimum wage earners: Single person without children, Family income, divided by the income of an otherwise identical family working at the median wage, Net income (family level), All employees, expressed in full-time equivalent units, Minimum wage that applies on a selected date of the year (see metadata for details), No, Yes",
      "types": [
        "StatisticalVariable"
      ],
      "dcid": "oecd/IMW_SINGLE_3_1_1_1_0_1"
    },
    {
      "name": "Income Distribution Database: Gini (market income, before taxes and transfers), Retirement age population: above 65, Previous definition - with overlap year, Income definition until 2011",
      "types": [
        "StatisticalVariable"
      ],
      "dcid": "oecd/IDD_GINIB_OLD_PREVIOUS_METH2011"
    },
    {
      "name": "Income Distribution Database: Age group 76+: mean disposable income (current prices), Total population, Current definition, New income definition since 2012",
      "types": [
        "StatisticalVariable"
      ],
      "dcid": "oecd/IDD_INCAC7_TOT_CURRENT_METH2012"
    },
    {
      "name": "Income Distribution Database: P90/P10 disposable income decile ratio, Retirement age population: above 65, Previous definition - without overlap year, New income definition since 2012",
      "types": [
        "StatisticalVariable"
      ],
      "dcid": "oecd/IDD_P90P10_OLD_INCOMPARABLE_METH2012"
    },
    {
      "name": "Incomes of minimum wage earners: Couple without children - partner's earnings: Minimum Wage, Family income, divided by the income of an otherwise identical family working at the average wage, Net income (family level), All employees, expressed in full-time equivalent units, Weighted average of minimum wage amounts throughout the calendar year, No, Yes",
      "types": [
        "StatisticalVariable"
      ],
      "dcid": "oecd/IMW_2EARNERC_MIN_2_1_1_0_0_1"
    },
    {
      "name": "Incomes of minimum wage earners: Single person without children, Family income, divided by the income of an otherwise identical family working at the average wage, Net income (family level), All employees, expressed in full-time equivalent units, Minimum wage that applies on a selected date of the year (see metadata for details), No, Yes",
      "types": [
        "StatisticalVariable"
      ],
      "dcid": "oecd/IMW_SINGLE_2_1_1_1_0_1"
    },
    {
      "name": "Income Distribution Database: Gini (market income, before taxes and transfers), Working age population: 18-65, Current definition, New income definition since 2012",
      "types": [
        "StatisticalVariable"
      ],
      "dcid": "oecd/IDD_GINIB_WA_CURRENT_METH2012"
    },
    {
      "name": "Income Distribution Database: Gini (gross income, before taxes), Total population, Previous definition - without overlap year, New income definition since 2012",
      "types": [
        "StatisticalVariable"
      ],
      "dcid": "oecd/IDD_GINIG_TOT_INCOMPARABLE_METH2012"
    },
    {
      "name": "Income Distribution Database: Age group 51-65: mean disposable income (current prices), Total population, Previous definition - with overlap year, Income definition until 2011",
      "types": [
        "StatisticalVariable"
      ],
      "dcid": "oecd/IDD_INCAC5_TOT_PREVIOUS_METH2011"
    },
    {
      "name": "Income Distribution Database: All working-age household types: mean disposable income (current prices), Working age population: 18-65, Previous definition - with overlap year, Income definition until 2011",
      "types": [
        "StatisticalVariable"
      ],
      "dcid": "oecd/IDD_INCHCTOTAL_WA_PREVIOUS_METH2011"
    },
    {
      "name": "Income Distribution Database: Median disposable income (current prices), Retirement age population: above 65, Current definition, New income definition since 2012",
      "types": [
        "StatisticalVariable"
      ],
      "dcid": "oecd/IDD_MEDIANC_OLD_CURRENT_METH2012"
    },
    {
      "name": "Income Distribution Database: Median disposable income (current prices), Total population, Previous definition - with overlap year, New income definition since 2012",
      "types": [
        "StatisticalVariable"
      ],
      "dcid": "oecd/IDD_MEDIANC_TOT_PREVIOUS_METH2012"
    },
    {
      "name": "Income Distribution Database: P50/P10  disposable income decile ratio, Total population, Previous definition - with overlap year, New income definition since 2012",
      "types": [
        "StatisticalVariable"
      ],
      "dcid": "oecd/IDD_P50P10_TOT_PREVIOUS_METH2012"
    },
    {
      "name": "Income Distribution Database: P90/P50  disposable income decile ratio, Working age population: 18-65, Current definition, New income definition since 2012",
      "types": [
        "StatisticalVariable"
      ],
      "dcid": "oecd/IDD_P90P50_WA_CURRENT_METH2012"
    },
    {
      "name": "Income Distribution Database: S80/S20 disposable income quintile share, Total population, Previous definition - with overlap year, New income definition since 2012",
      "types": [
        "StatisticalVariable"
      ],
      "dcid": "oecd/IDD_S80S20_TOT_PREVIOUS_METH2012"
    },
    {
      "name": "Income Distribution Database: Income from self-employment (current prices), Retirement age population: above 65, Previous definition - without overlap year, New income definition since 2012",
      "types": [
        "StatisticalVariable"
      ],
      "dcid": "oecd/IDD_SECTOTAL_OLD_INCOMPARABLE_METH2012"
    },
    {
      "name": "Incomes of minimum wage earners: Couple with 2 children - partner's earnings: Minimum Wage, Family income, divided by the income of an otherwise identical family working at the average wage, Net income (family level), All employees, expressed in full-time equivalent units, Weighted average of minimum wage amounts throughout the calendar year, No, Yes",
      "types": [
        "StatisticalVariable"
      ],
      "dcid": "oecd/IMW_2EARNERC2C_MIN_2_1_1_0_0_1"
    },
    {
      "name": "Income Distribution Database: Gini (disposable income, post taxes and transfers), Retirement age population: above 65, Previous definition - with overlap year, Income definition until 2011",
      "types": [
        "StatisticalVariable"
      ],
      "dcid": "oecd/IDD_GINI_OLD_PREVIOUS_METH2011"
    },
    {
      "name": "Income Distribution Database: Age group 18-25: mean disposable income (current prices), Total population, Previous definition - without overlap year, New income definition since 2012",
      "types": [
        "StatisticalVariable"
      ],
      "dcid": "oecd/IDD_INCAC2_TOT_INCOMPARABLE_METH2012"
    },
    {
      "name": "Income Distribution Database: Mean disposable income (current prices), Retirement age population: above 65, Current definition, Income definition until 2011",
      "types": [
        "StatisticalVariable"
      ],
      "dcid": "oecd/IDD_INCCTOTAL_OLD_CURRENT_METH2011"
    },
    {
      "name": "Income Distribution Database: Income from own consumption (Current prices), Retirement age population: above 65, Previous definition - with overlap year, New income definition since 2012",
      "types": [
        "StatisticalVariable"
      ],
      "dcid": "oecd/IDD_OCCTOTAL_OLD_PREVIOUS_METH2012"
    },
    {
      "name": "Income Distribution Database: P90/P10 disposable income decile ratio, Working age population: 18-65, Current definition, Income definition until 2011",
      "types": [
        "StatisticalVariable"
      ],
      "dcid": "oecd/IDD_P90P10_WA_CURRENT_METH2011"
    },
    {
      "name": "Income Distribution Database: Income from self-employment (current prices), Working age population: 18-65, Current definition, Income definition until 2011",
      "types": [
        "StatisticalVariable"
      ],
      "dcid": "oecd/IDD_SECTOTAL_WA_CURRENT_METH2011"
    },
    {
      "name": "Incomes of minimum wage earners: Couple with 2 children - partner is out of work, Family income, divided by the income of an otherwise identical family working at the average wage, Net income (family level), Full-time employees working in ISIC sectors C-K (see metadata for details), Minimum wage that applies on a selected date of the year (see metadata for details), No, Yes",
      "types": [
        "StatisticalVariable"
      ],
      "dcid": "oecd/IMW_1EARNERC2C_2_1_0_1_0_1"
    },
    {
      "name": "Incomes of minimum wage earners: Couple with 2 children - partner is out of work, Family income, divided by the income of an otherwise identical family working at the median wage, Net income (family level), Full-time employees working in ISIC sectors C-K (see metadata for details), Minimum wage that applies on a selected date of the year (see metadata for details), No, Yes",
      "types": [
        "StatisticalVariable"
      ],
      "dcid": "oecd/IMW_1EARNERC2C_3_1_0_1_0_1"
    },
    {
      "name": "Incomes of minimum wage earners: Couple without children - partner is out of work, Family income, divided by the income of an otherwise identical family working at the average wage, Net income (family level), Full-time employees working in ISIC sectors C-K (see metadata for details), Minimum wage that applies on a selected date of the year (see metadata for details), No, Yes",
      "types": [
        "StatisticalVariable"
      ],
      "dcid": "oecd/IMW_1EARNERC_2_1_0_1_0_1"
    },
    {
      "name": "Incomes of minimum wage earners: Couple without children - partner is out of work, Family income, divided by the income of an otherwise identical family working at the median wage, Net income (family level), Full-time employees working in ISIC sectors C-K (see metadata for details), Minimum wage that applies on a selected date of the year (see metadata for details), No, Yes",
      "types": [
        "StatisticalVariable"
      ],
      "dcid": "oecd/IMW_1EARNERC_3_1_0_1_0_1"
    },
    {
      "name": "Incomes of minimum wage earners: Single person with 2 children, Family income, divided by the income of an otherwise identical family working at the average wage, Net income (family level), Full-time employees working in ISIC sectors C-K (see metadata for details), Minimum wage that applies on a selected date of the year (see metadata for details), No, Yes",
      "types": [
        "StatisticalVariable"
      ],
      "dcid": "oecd/IMW_SINGLE2C_2_1_0_1_0_1"
    },
    {
      "name": "Incomes of minimum wage earners: Single person with 2 children, Family income, divided by the income of an otherwise identical family working at the median wage, Net income (family level), Full-time employees working in ISIC sectors C-K (see metadata for details), Minimum wage that applies on a selected date of the year (see metadata for details), No, Yes",
      "types": [
        "StatisticalVariable"
      ],
      "dcid": "oecd/IMW_SINGLE2C_3_1_0_1_0_1"
    },
    {
      "name": "Incomes of minimum wage earners: Single person without children, Family income, divided by the income of an otherwise identical family working at the average wage, Net income (family level), Full-time employees working in ISIC sectors C-K (see metadata for details), Minimum wage that applies on a selected date of the year (see metadata for details), No, Yes",
      "types": [
        "StatisticalVariable"
      ],
      "dcid": "oecd/IMW_SINGLE_2_1_0_1_0_1"
    },
    {
      "name": "Incomes of minimum wage earners: Single person without children, Family income, divided by the income of an otherwise identical family working at the median wage, Net income (family level), Full-time employees working in ISIC sectors C-K (see metadata for details), Minimum wage that applies on a selected date of the year (see metadata for details), No, Yes",
      "types": [
        "StatisticalVariable"
      ],
      "dcid": "oecd/IMW_SINGLE_3_1_0_1_0_1"
    },
    {
      "name": "Income Distribution Database: Gini (market income, before taxes and transfers), Total population, Previous definition - without overlap year, New income definition since 2012",
      "types": [
        "StatisticalVariable"
      ],
      "dcid": "oecd/IDD_GINIB_TOT_INCOMPARABLE_METH2012"
    },
    {
      "name": "Income Distribution Database: Age group 0-17: mean disposable income (current prices), Total population, Previous definition - with overlap year, Income definition until 2011",
      "types": [
        "StatisticalVariable"
      ],
      "dcid": "oecd/IDD_INCAC1_TOT_PREVIOUS_METH2011"
    },
    {
      "name": "Income Distribution Database: Age group 41-50: mean disposable income (current prices), Total population, Previous definition - with overlap year, New income definition since 2012",
      "types": [
        "StatisticalVariable"
      ],
      "dcid": "oecd/IDD_INCAC4_TOT_PREVIOUS_METH2012"
    },
    {
      "name": "Income Distribution Database: All age groups: mean disposable income (current prices), Total population, Current definition, Income definition until 2011",
      "types": [
        "StatisticalVariable"
      ],
      "dcid": "oecd/IDD_INCACTOTAL_TOT_CURRENT_METH2011"
    },
    {
      "name": "Income Distribution Database: Mean disposable income (current prices), Working age population: 18-65, Previous definition - without overlap year, New income definition since 2012",
      "types": [
        "StatisticalVariable"
      ],
      "dcid": "oecd/IDD_INCCTOTAL_WA_INCOMPARABLE_METH2012"
    },
    {
      "name": "Income Distribution Database: Capital income (current prices), Working age population: 18-65, Current definition, New income definition since 2012",
      "types": [
        "StatisticalVariable"
      ],
      "dcid": "oecd/IDD_KICTOTAL_WA_CURRENT_METH2012"
    },
    {
      "name": "Income Distribution Database: P50/P10  disposable income decile ratio, Total population, Current definition, Income definition until 2011",
      "types": [
        "StatisticalVariable"
      ],
      "dcid": "oecd/IDD_P50P10_TOT_CURRENT_METH2011"
    },
    {
      "name": "Income Distribution Database: P90/P10 disposable income decile ratio, Total population, Current definition, New income definition since 2012",
      "types": [
        "StatisticalVariable"
      ],
      "dcid": "oecd/IDD_P90P10_TOT_CURRENT_METH2012"
    },
    {
      "name": "Income Distribution Database: P90/P50  disposable income decile ratio, Total population, Previous definition - without overlap year, New income definition since 2012",
      "types": [
        "StatisticalVariable"
      ],
      "dcid": "oecd/IDD_P90P50_TOT_INCOMPARABLE_METH2012"
    },
    {
      "name": "Income Distribution Database: S80/S20 disposable income quintile share, Total population, Current definition, Income definition until 2011",
      "types": [
        "StatisticalVariable"
      ],
      "dcid": "oecd/IDD_S80S20_TOT_CURRENT_METH2011"
    },
    {
      "name": "Income Distribution Database: Income from self-employment and from goods produced for own consumption (current prices), Working age population: 18-65, Previous definition - without overlap year, New income definition since 2012",
      "types": [
        "StatisticalVariable"
      ],
      "dcid": "oecd/IDD_SEICTOTAL_WA_INCOMPARABLE_METH2012"
    },
    {
      "name": "Incomes of minimum wage earners: Couple with 2 children - partner is out of work, Family income, divided by the income of an otherwise identical family working at the average wage, Net income (family level), Full-time employees working in ISIC sectors C-K (see metadata for details), Weighted average of minimum wage amounts throughout the calendar year, No, Yes",
      "types": [
        "StatisticalVariable"
      ],
      "dcid": "oecd/IMW_1EARNERC2C_2_1_0_0_0_1"
    },
    {
      "name": "Incomes of minimum wage earners: Couple with 2 children - partner is out of work, Family income, divided by the income of an otherwise identical family working at the median wage, Net income (family level), Full-time employees working in ISIC sectors C-K (see metadata for details), Weighted average of minimum wage amounts throughout the calendar year, No, Yes",
      "types": [
        "StatisticalVariable"
      ],
      "dcid": "oecd/IMW_1EARNERC2C_3_1_0_0_0_1"
    },
    {
      "name": "Incomes of minimum wage earners: Couple without children - partner is out of work, Family income, divided by the income of an otherwise identical family working at the average wage, Net income (family level), Full-time employees working in ISIC sectors C-K (see metadata for details), Weighted average of minimum wage amounts throughout the calendar year, No, Yes",
      "types": [
        "StatisticalVariable"
      ],
      "dcid": "oecd/IMW_1EARNERC_2_1_0_0_0_1"
    },
    {
      "name": "Incomes of minimum wage earners: Couple without children - partner is out of work, Family income, divided by the income of an otherwise identical family working at the median wage, Net income (family level), Full-time employees working in ISIC sectors C-K (see metadata for details), Weighted average of minimum wage amounts throughout the calendar year, No, Yes",
      "types": [
        "StatisticalVariable"
      ],
      "dcid": "oecd/IMW_1EARNERC_3_1_0_0_0_1"
    },
    {
      "name": "Incomes of minimum wage earners: Single person with 2 children, Family income, divided by the income of an otherwise identical family working at the median wage, Net income (family level), Full-time employees working in ISIC sectors C-K (see metadata for details), Weighted average of minimum wage amounts throughout the calendar year, No, Yes",
      "types": [
        "StatisticalVariable"
      ],
      "dcid": "oecd/IMW_SINGLE2C_3_1_0_0_0_1"
    },
    {
      "name": "Incomes of minimum wage earners: Single person without children, Family income, divided by the income of an otherwise identical family working at the average wage, Net income (family level), Full-time employees working in ISIC sectors C-K (see metadata for details), Weighted average of minimum wage amounts throughout the calendar year, No, Yes",
      "types": [
        "StatisticalVariable"
      ],
      "dcid": "oecd/IMW_SINGLE_2_1_0_0_0_1"
    },
    {
      "name": "Income Distribution Database: Gini (gross income, before taxes), Retirement age population: above 65, Current definition, New income definition since 2012",
      "types": [
        "StatisticalVariable"
      ],
      "dcid": "oecd/IDD_GINIG_OLD_CURRENT_METH2012"
    },
    {
      "name": "Income Distribution Database: Gini (gross income, before taxes), Working age population: 18-65, Previous definition - with overlap year, New income definition since 2012",
      "types": [
        "StatisticalVariable"
      ],
      "dcid": "oecd/IDD_GINIG_WA_PREVIOUS_METH2012"
    },
    {
      "name": "Income Distribution Database: Age group 26-40: mean disposable income (current prices), Total population, Current definition, New income definition since 2012",
      "types": [
        "StatisticalVariable"
      ],
      "dcid": "oecd/IDD_INCAC3_TOT_CURRENT_METH2012"
    },
    {
      "name": "Income Distribution Database: Age group 66-75: mean disposable income (current prices), Total population, Previous definition - without overlap year, New income definition since 2012",
      "types": [
        "StatisticalVariable"
      ],
      "dcid": "oecd/IDD_INCAC6_TOT_INCOMPARABLE_METH2012"
    },
    {
      "name": "Income Distribution Database: Median disposable income (current prices), Total population, Current definition, Income definition until 2011",
      "types": [
        "StatisticalVariable"
      ],
      "dcid": "oecd/IDD_MEDIANC_TOT_CURRENT_METH2011"
    },
    {
      "name": "Income Distribution Database: Median disposable income (current prices), Working age population: 18-65, Previous definition - with overlap year, Income definition until 2011",
      "types": [
        "StatisticalVariable"
      ],
      "dcid": "oecd/IDD_MEDIANC_WA_PREVIOUS_METH2011"
    },
    {
      "name": "Income Distribution Database: P50/P10  disposable income decile ratio, Working age population: 18-65, Previous definition - with overlap year, Income definition until 2011",
      "types": [
        "StatisticalVariable"
      ],
      "dcid": "oecd/IDD_P50P10_WA_PREVIOUS_METH2011"
    },
    {
      "name": "Income Distribution Database: S80/S20 disposable income quintile share, Working age population: 18-65, Previous definition - with overlap year, Income definition until 2011",
      "types": [
        "StatisticalVariable"
      ],
      "dcid": "oecd/IDD_S80S20_WA_PREVIOUS_METH2011"
    },
    {
      "name": "Income Distribution Database: Income from self-employment (current prices), Total population, Current definition, New income definition since 2012",
      "types": [
        "StatisticalVariable"
      ],
      "dcid": "oecd/IDD_SECTOTAL_TOT_CURRENT_METH2012"
    },
    {
      "name": "Incomes of minimum wage earners: Couple with 2 children - partner's earnings: Minimum Wage, Family income, divided by the income of an otherwise identical family working at the average wage, Net income (family level), Full-time employees working in ISIC sectors C-K (see metadata for details), Minimum wage that applies on a selected date of the year (see metadata for details), No, Yes",
      "types": [
        "StatisticalVariable"
      ],
      "dcid": "oecd/IMW_2EARNERC2C_MIN_2_1_0_1_0_1"
    },
    {
      "name": "Incomes of minimum wage earners: Couple without children - partner's earnings: Minimum Wage, Family income, divided by the income of an otherwise identical family working at the average wage, Net income (family level), Full-time employees working in ISIC sectors C-K (see metadata for details), Minimum wage that applies on a selected date of the year (see metadata for details), No, Yes",
      "types": [
        "StatisticalVariable"
      ],
      "dcid": "oecd/IMW_2EARNERC_MIN_2_1_0_1_0_1"
    },
    {
      "name": "Incomes of minimum wage earners: Single person with 2 children, Family income, divided by the income of an otherwise identical family working at the average wage, Net income (family level), Full-time employees working in ISIC sectors C-K (see metadata for details), Weighted average of minimum wage amounts throughout the calendar year, No, Yes",
      "types": [
        "StatisticalVariable"
      ],
      "dcid": "oecd/IMW_SINGLE2C_2_1_0_0_0_1"
    },
    {
      "name": "Incomes of minimum wage earners: Single person without children, Family income, divided by the income of an otherwise identical family working at the median wage, Net income (family level), Full-time employees working in ISIC sectors C-K (see metadata for details), Weighted average of minimum wage amounts throughout the calendar year, No, Yes",
      "types": [
        "StatisticalVariable"
      ],
      "dcid": "oecd/IMW_SINGLE_3_1_0_0_0_1"
    },
    {
      "name": "Income Distribution Database: Gini (disposable income, post taxes and transfers), Total population, Previous definition - without overlap year, New income definition since 2012",
      "types": [
        "StatisticalVariable"
      ],
      "dcid": "oecd/IDD_GINI_TOT_INCOMPARABLE_METH2012"
    },
    {
      "name": "Income Distribution Database: Gini (disposable income, post taxes and transfers), Working age population: 18-65, Previous definition - with overlap year, Income definition until 2011",
      "types": [
        "StatisticalVariable"
      ],
      "dcid": "oecd/IDD_GINI_WA_PREVIOUS_METH2011"
    },
    {
      "name": "Income Distribution Database: Age group 41-50: mean disposable income (current prices), Total population, Previous definition - without overlap year, New income definition since 2012",
      "types": [
        "StatisticalVariable"
      ],
      "dcid": "oecd/IDD_INCAC4_TOT_INCOMPARABLE_METH2012"
    },
    {
      "name": "Income Distribution Database: Mean disposable income (current prices), Retirement age population: above 65, Previous definition - with overlap year, New income definition since 2012",
      "types": [
        "StatisticalVariable"
      ],
      "dcid": "oecd/IDD_INCCTOTAL_OLD_PREVIOUS_METH2012"
    },
    {
      "name": "Income Distribution Database: Mean disposable income (current prices), Working age population: 18-65, Current definition, Income definition until 2011",
      "types": [
        "StatisticalVariable"
      ],
      "dcid": "oecd/IDD_INCCTOTAL_WA_CURRENT_METH2011"
    },
    {
      "name": "Income Distribution Database: Capital income (current prices), Total population, Previous definition - without overlap year, New income definition since 2012",
      "types": [
        "StatisticalVariable"
      ],
      "dcid": "oecd/IDD_KICTOTAL_TOT_INCOMPARABLE_METH2012"
    },
    {
      "name": "Income Distribution Database: Income from own consumption (Current prices), Working age population: 18-65, Current definition, New income definition since 2012",
      "types": [
        "StatisticalVariable"
      ],
      "dcid": "oecd/IDD_OCCTOTAL_WA_CURRENT_METH2012"
    },
    {
      "name": "Income Distribution Database: P50/P10  disposable income decile ratio, Retirement age population: above 65, Previous definition - with overlap year, Income definition until 2011",
      "types": [
        "StatisticalVariable"
      ],
      "dcid": "oecd/IDD_P50P10_OLD_PREVIOUS_METH2011"
    },
    {
      "name": "Income Distribution Database: P90/P10 disposable income decile ratio, Working age population: 18-65, Previous definition - with overlap year, New income definition since 2012",
      "types": [
        "StatisticalVariable"
      ],
      "dcid": "oecd/IDD_P90P10_WA_PREVIOUS_METH2012"
    },
    {
      "name": "Income Distribution Database: P90/P50  disposable income decile ratio, Total population, Current definition, Income definition until 2011",
      "types": [
        "StatisticalVariable"
      ],
      "dcid": "oecd/IDD_P90P50_TOT_CURRENT_METH2011"
    },
    {
      "name": "Income Distribution Database: Income from self-employment (current prices), Working age population: 18-65, Previous definition - with overlap year, New income definition since 2012",
      "types": [
        "StatisticalVariable"
      ],
      "dcid": "oecd/IDD_SECTOTAL_WA_PREVIOUS_METH2012"
    },
    {
      "name": "Income Distribution Database: Income from self-employment and from goods produced for own consumption (current prices), Total population, Previous definition - with overlap year, New income definition since 2012",
      "types": [
        "StatisticalVariable"
      ],
      "dcid": "oecd/IDD_SEICTOTAL_TOT_PREVIOUS_METH2012"
    },
    {
      "name": "Incomes of minimum wage earners: Couple with 2 children - partner is out of work, Family income, divided by the income of an otherwise identical family working at the average wage, Net income (family level), All employees, expressed in full-time equivalent units, Weighted average of minimum wage amounts throughout the calendar year, No, Yes",
      "types": [
        "StatisticalVariable"
      ],
      "dcid": "oecd/IMW_1EARNERC2C_2_1_1_0_0_1"
    },
    {
      "name": "Incomes of minimum wage earners: Couple with 2 children - partner is out of work, Family income, divided by the income of an otherwise identical family working at the average wage, Net income (family level), All employees, expressed in full-time equivalent units, Minimum wage that applies on a selected date of the year (see metadata for details), Yes, Yes",
      "types": [
        "StatisticalVariable"
      ],
      "dcid": "oecd/IMW_1EARNERC2C_2_1_1_1_1_1"
    },
    {
      "name": "Incomes of minimum wage earners: Couple with 2 children - partner is out of work, Family income, divided by the income of an otherwise identical family working at the median wage, Net income (family level), All employees, expressed in full-time equivalent units, Weighted average of minimum wage amounts throughout the calendar year, No, Yes",
      "types": [
        "StatisticalVariable"
      ],
      "dcid": "oecd/IMW_1EARNERC2C_3_1_1_0_0_1"
    },
    {
      "name": "Incomes of minimum wage earners: Couple with 2 children - partner is out of work, Family income, divided by the income of an otherwise identical family working at the median wage, Net income (family level), All employees, expressed in full-time equivalent units, Minimum wage that applies on a selected date of the year (see metadata for details), Yes, Yes",
      "types": [
        "StatisticalVariable"
      ],
      "dcid": "oecd/IMW_1EARNERC2C_3_1_1_1_1_1"
    },
    {
      "name": "Incomes of minimum wage earners: Couple without children - partner is out of work, Family income, divided by the income of an otherwise identical family working at the average wage, Net income (family level), All employees, expressed in full-time equivalent units, Weighted average of minimum wage amounts throughout the calendar year, No, Yes",
      "types": [
        "StatisticalVariable"
      ],
      "dcid": "oecd/IMW_1EARNERC_2_1_1_0_0_1"
    },
    {
      "name": "Incomes of minimum wage earners: Couple without children - partner is out of work, Family income, divided by the income of an otherwise identical family working at the average wage, Net income (family level), All employees, expressed in full-time equivalent units, Minimum wage that applies on a selected date of the year (see metadata for details), Yes, Yes",
      "types": [
        "StatisticalVariable"
      ],
      "dcid": "oecd/IMW_1EARNERC_2_1_1_1_1_1"
    },
    {
      "name": "Incomes of minimum wage earners: Couple without children - partner is out of work, Family income, divided by the income of an otherwise identical family working at the median wage, Net income (family level), All employees, expressed in full-time equivalent units, Weighted average of minimum wage amounts throughout the calendar year, No, Yes",
      "types": [
        "StatisticalVariable"
      ],
      "dcid": "oecd/IMW_1EARNERC_3_1_1_0_0_1"
    },
    {
      "name": "Incomes of minimum wage earners: Couple without children - partner is out of work, Family income, divided by the income of an otherwise identical family working at the median wage, Net income (family level), All employees, expressed in full-time equivalent units, Minimum wage that applies on a selected date of the year (see metadata for details), Yes, Yes",
      "types": [
        "StatisticalVariable"
      ],
      "dcid": "oecd/IMW_1EARNERC_3_1_1_1_1_1"
    },
    {
      "name": "Incomes of minimum wage earners: Couple with 2 children - partner's earnings: Minimum Wage, Family income, divided by the income of an otherwise identical family working at the median wage, Net income (family level), Full-time employees working in ISIC sectors C-K (see metadata for details), Minimum wage that applies on a selected date of the year (see metadata for details), No, Yes",
      "types": [
        "StatisticalVariable"
      ],
      "dcid": "oecd/IMW_2EARNERC2C_MIN_3_1_0_1_0_1"
    },
    {
      "name": "Incomes of minimum wage earners: Couple with 2 children - partner's earnings: Minimum Wage, Family income, divided by the income of an otherwise identical family working at the median wage, Net income (family level), All employees, expressed in full-time equivalent units, Weighted average of minimum wage amounts throughout the calendar year, Yes, Yes",
      "types": [
        "StatisticalVariable"
      ],
      "dcid": "oecd/IMW_2EARNERC2C_MIN_3_1_1_0_1_1"
    },
    {
      "name": "Incomes of minimum wage earners: Couple without children - partner's earnings: Minimum Wage, Family income, divided by the income of an otherwise identical family working at the median wage, Net income (family level), Full-time employees working in ISIC sectors C-K (see metadata for details), Minimum wage that applies on a selected date of the year (see metadata for details), No, Yes",
      "types": [
        "StatisticalVariable"
      ],
      "dcid": "oecd/IMW_2EARNERC_MIN_3_1_0_1_0_1"
    }
  ]
}