{
  "nodes": [
    {
      "neighbors": [
        {
          "property": "description",
          "direction": "DIRECTION_OUT",
          "nodes": [
            {
              "value": "A commensal bacterial infectious disease that is caused by Chlamydia trachomatis."
            }
          ]
        }
      ],
      "value": "bio/DOID_11263"
    }
  ]
}