{
  "by_variable": {
    "Count_Person": {
      "by_entity": {
        "country/AUS": {},
        "country/AUT": {},
        "country/BEL": {},
        "country/BGR": {},
        "country/BRA": {},
        "country/CAN": {},
        "country/CHE": {},
        "country/CHL": {},
        "country/CHN": {},
        "country/COL": {},
        "country/CRI": {},
        "country/CZE": {},
        "country/DEU": {},
        "country/DNK": {},
        "country/ESP": {},
        "country/EST": {},
        "country/FIN": {},
        "country/FRA": {},
        "country/GBR": {},
        "country/GRC": {},
        "country/HRV": {},
        "country/HUN": {},
        "country/IDN": {},
        "country/IND": {},
        "country/IRL": {},
        "country/ISL": {},
        "country/ISR": {},
        "country/ITA": {},
        "country/JPN": {},
        "country/KOR": {},
        "country/LTU": {},
        "country/LUX": {},
        "country/LVA": {},
        "country/MEX": {},
        "country/MLT": {},
        "country/NLD": {},
        "country/NOR": {},
        "country/NZL": {},
        "country/PER": {},
        "country/POL": {},
        "country/PRT": {},
        "country/ROU": {},
        "country/RUS": {},
        "country/SVK": {},
        "country/SVN": {},
        "country/SWE": {},
        "country/TUN": {},
        "country/TUR": {},
        "country/USA": {},
        "country/ZAF": {}
      }
    }
  }
}