{
  "country/USA": {
    "data": {
      "1900": 76094000,
      "1901": 77584000,
      "1902": 79163000,
      "1903": 80632000,
      "1904": 82166000,
      "1905": 83822000,
      "1906": 85450000,
      "1907": 87008000,
      "1908": 88710000,
      "1909": 90490000,
      "1910": 92407000,
      "1911": 93863000,
      "1912": 95335000,
      "1913": 97225000,
      "1914": 99111000,
      "1915": 100546000,
      "1916": 101961000,
      "1917": 103268000,
      "1918": 103208000,
      "1919": 104514000,
      "1920": 106461000,
      "1921": 108538000,
      "1922": 110049000,
      "1923": 111947000,
      "1924": 114109000,
      "1925": 115829000,
      "1926": 117397000,
      "1927": 119035000,
      "1928": 120509000,
      "1929": 121767000,
      "1930": 123076741,
      "1931": 124039648,
      "1932": 124840471,
      "1933": 125578763,
      "1934": 126373773,
      "1935": 127250232,
      "1936": 128053180,
      "1937": 128824829,
      "1938": 129824939,
      "1939": 130879718,
      "1940": 132122446,
      "1941": 133402471,
      "1942": 134859553,
      "1943": 136739353,
      "1944": 138397345,
      "1945": 139928165,
      "1946": 141388566,
      "1947": 144126071,
      "1948": 146631302,
      "1949": 149188130,
      "1950": 152271417,
      "1951": 154877889,
      "1952": 157552740,
      "1953": 160184192,
      "1954": 163025854,
      "1955": 165931202,
      "1956": 168903031,
      "1957": 171984130,
      "1958": 174881904,
      "1959": 177829628,
      "1960": 180671158,
      "1961": 183691481,
      "1962": 186537737,
      "1963": 189241798,
      "1964": 191888791,
      "1965": 194302963,
      "1966": 196560338,
      "1967": 198712056,
      "1968": 200706052,
      "1969": 202676946,
      "1970": 205052174,
      "1971": 207660677,
      "1972": 209896021,
      "1973": 211908788,
      "1974": 213853928,
      "1975": 215973199,
      "1976": 218035164,
      "1977": 220239425,
      "1978": 222584545,
      "1979": 225055487,
      "1980": 226542250,
      "1981": 229465744,
      "1982": 231664432,
      "1983": 233792014,
      "1984": 235824908,
      "1985": 237923734,
      "1986": 240132831,
      "1987": 242288936,
      "1988": 244499004,
      "1989": 246819222,
      "1990": 250131894,
      "1991": 253492503,
      "1992": 256894189,
      "1993": 260255352,
      "1994": 263435673,
      "1995": 266557091,
      "1996": 269667391,
      "1997": 272911760,
      "1998": 276115288,
      "1999": 279294713,
      "2000": 282162411,
      "2001": 284968955,
      "2002": 287625193,
      "2003": 290107933,
      "2004": 292805298,
      "2005": 295516599,
      "2006": 298379912,
      "2007": 301231207,
      "2008": 304093966,
      "2009": 306771529,
      "2010": 309327143,
      "2011": 311583481,
      "2012": 313877662,
      "2013": 316059947,
      "2014": 318386329,
      "2015": 320738994,
      "2016": 323071755,
      "2017": 325122128,
      "2018": 326838199,
      "2019": 328329953,
      "2020": 331526933,
      "2021": 331893745,
      "2022": 333271411,
      "2023": 334914895
    },
    "placeName": "United States",
    "provenanceUrl": "https://www2.census.gov/programs-surveys/popest/tables"
  },
  "geoId/06": {
    "data": {
      "1900": 1490000,
      "1901": 1550000,
      "1902": 1623000,
      "1903": 1702000,
      "1904": 1792000,
      "1905": 1893000,
      "1906": 1976000,
      "1907": 2054000,
      "1908": 2161000,
      "1909": 2282000,
      "1910": 2406000,
      "1911": 2534000,
      "1912": 2668000,
      "1913": 2811000,
      "1914": 2934000,
      "1915": 3008000,
      "1916": 3071000,
      "1917": 3171000,
      "1918": 3262000,
      "1919": 3339000,
      "1920": 3554000,
      "1921": 3795000,
      "1922": 3991000,
      "1923": 4270000,
      "1924": 4541000,
      "1925": 4730000,
      "1926": 4929000,
      "1927": 5147000,
      "1928": 5344000,
      "1929": 5531000,
      "1930": 5711000,
      "1931": 5824000,
      "1932": 5894000,
      "1933": 5963000,
      "1934": 6060000,
      "1935": 6175000,
      "1936": 6341000,
      "1937": 6528000,
      "1938": 6656000,
      "1939": 6785000,
      "1940": 6950000,
      "1941": 7237000,
      "1942": 7735000,
      "1943": 8506000,
      "1944": 8945000,
      "1945": 9344000,
      "1946": 9559000,
      "1947": 9832000,
      "1948": 10064000,
      "1949": 10337000,
      "1950": 10677000,
      "1951": 11134000,
      "1952": 11635000,
      "1953": 12251000,
      "1954": 12746000,
      "1955": 13133000,
      "1956": 13713000,
      "1957": 14264000,
      "1958": 14880000,
      "1959": 15467000,
      "1960": 15870000,
      "1961": 16497000,
      "1962": 17072000,
      "1963": 17668000,
      "1964": 18151000,
      "1965": 18585000,
      "1966": 18858000,
      "1967": 19176000,
      "1968": 19394000,
      "1969": 19711000,
      "1970": 19971069,
      "1971": 20345939,
      "1972": 20585469,
      "1973": 20868728,
      "1974": 21173865,
      "1975": 21537849,
      "1976": 21935909,
      "1977": 22352396,
      "1978": 22835958,
      "1979": 23256880,
      "1980": 23667902,
      "1981": 24285933,
      "1982": 24820009,
      "1983": 25360026,
      "1984": 25844393,
      "1985": 26441109,
      "1986": 27102237,
      "1987": 27777158,
      "1988": 28464249,
      "1989": 29218164,
      "1990": 29950111,
      "1991": 30414114,
      "1992": 30875920,
      "1993": 31147208,
      "1994": 31317179,
      "1995": 31493525,
      "1996": 31780829,
      "1997": 32217708,
      "1998": 32682794,
      "1999": 33145121,
      "2000": 33987977,
      "2001": 34479458,
      "2002": 34871843,
      "2003": 35253159,
      "2004": 35574576,
      "2005": 35827943,
      "2006": 36021202,
      "2007": 36250311,
      "2008": 36604337,
      "2009": 36961229,
      "2010": 37319550,
      "2011": 37636311,
      "2012": 37944551,
      "2013": 38253768,
      "2014": 38586706,
      "2015": 38904296,
      "2016": 39149186,
      "2017": 39337785,
      "2018": 39437463,
      "2019": 39437610,
      "2020": 39503200,
      "2021": 39145060,
      "2022": 39040616,
      "2023": 38965193
    },
    "placeName": "California",
    "provenanceUrl": "https://www2.census.gov/programs-surveys/popest/tables"
  },
  "geoId/06085": {
    "data": {
      "1970": 1065313,
      "1971": 1100500,
      "1972": 1138800,
      "1973": 1163900,
      "1974": 1164600,
      "1975": 1192800,
      "1976": 1206700,
      "1977": 1231600,
      "1978": 1260400,
      "1979": 1271400,
      "1980": 1295071,
      "1981": 1324722,
      "1982": 1345039,
      "1983": 1374018,
      "1984": 1396226,
      "1985": 1419520,
      "1986": 1429933,
      "1987": 1447591,
      "1988": 1472234,
      "1989": 1498121,
      "1990": 1497577,
      "1991": 1497644,
      "1992": 1508020,
      "1993": 1523971,
      "1994": 1539465,
      "1995": 1550060,
      "1996": 1566760,
      "1997": 1593625,
      "1998": 1621660,
      "1999": 1641848,
      "2000": 1684947,
      "2001": 1688082,
      "2002": 1669348,
      "2003": 1663592,
      "2004": 1663167,
      "2005": 1675312,
      "2006": 1691159,
      "2007": 1712026,
      "2008": 1740964,
      "2009": 1765137,
      "2010": 1786001,
      "2011": 1811891,
      "2012": 1837605,
      "2013": 1866050,
      "2014": 1891286,
      "2015": 1915736,
      "2016": 1928144,
      "2017": 1932251,
      "2018": 1931985,
      "2019": 1922411,
      "2020": 1931168,
      "2021": 1885173,
      "2022": 1878335,
      "2023": 1877592
    },
    "placeName": "Santa Clara County",
    "provenanceUrl": "https://www2.census.gov/programs-surveys/popest/tables"
  },
  "geoId/0649670": {
    "data": {
      "1990": 66731,
      "1991": 66734,
      "1992": 66936,
      "1993": 67460,
      "1994": 68173,
      "1995": 68578,
      "1996": 69603,
      "1997": 70698,
      "1998": 71479,
      "1999": 71470,
      "2000": 71241,
      "2001": 70919,
      "2002": 70245,
      "2003": 69662,
      "2004": 69167,
      "2005": 69479,
      "2006": 69744,
      "2007": 70352,
      "2008": 71927,
      "2009": 73066,
      "2010": 73759,
      "2011": 74729,
      "2012": 75614,
      "2013": 76458,
      "2014": 77459,
      "2015": 78909,
      "2016": 79735,
      "2017": 79953,
      "2018": 80298,
      "2019": 80516,
      "2020": 82766,
      "2021": 82262,
      "2022": 81853,
      "2023": 81785
    },
    "placeName": "Mountain View",
    "provenanceUrl": "https://www2.census.gov/programs-surveys/popest/tables"
  }
}