{
  "geoId/06": {
    "data": {
      "2011": 36969200,
      "2012": 37325068,
      "2013": 37659181,
      "2014": 38066920,
      "2015": 38421464,
      "2016": 38654206,
      "2017": 38982847,
      "2018": 39148760,
      "2019": 39283497,
      "2020": 39346023,
      "2021": 39455353,
      "2022": 39356104,
      "2023": 39242785
    },
    "placeName": "California",
    "provenanceUrl": "https://www.census.gov/programs-surveys/acs/data/data-via-ftp.html"
  }
}