{
  "geoId/06": {
    "data": {
      "2011": 35.1,
      "2012": 35.2,
      "2013": 35.4,
      "2014": 35.6,
      "2015": 35.8,
      "2016": 36,
      "2017": 36.1,
      "2018": 36.3,
      "2019": 36.5,
      "2020": 36.7,
      "2021": 37,
      "2022": 37.3,
      "2023": 37.6
    },
    "placeName": "California",
    "provenanceUrl": "https://www.census.gov/programs-surveys/acs/data/data-via-ftp.html"
  },
  "geoId/06085": {
    "data": {
      "2011": 36,
      "2012": 36.2,
      "2013": 36.4,
      "2014": 36.6,
      "2015": 36.8,
      "2016": 36.8,
      "2017": 37,
      "2018": 37,
      "2019": 37.1,
      "2020": 37.2,
      "2021": 37.5,
      "2022": 37.7,
      "2023": 37.9
    },
    "placeName": "Santa Clara County",
    "provenanceUrl": "https://www.census.gov/programs-surveys/acs/data/data-via-ftp.html"
  },
  "geoId/0649670": {
    "data": {
      "2011": 36,
      "2012": 35.9,
      "2013": 35.8,
      "2014": 35.9,
      "2015": 35.4,
      "2016": 35,
      "2017": 35,
      "2018": 34.9,
      "2019": 34.8,
      "2020": 35.2,
      "2021": 35.4,
      "2022": 35.5,
      "2023": 35.3
    },
    "placeName": "Mountain View",
    "provenanceUrl": "https://www.census.gov/programs-surveys/acs/data/data-via-ftp.html"
  }
}