{
  "by_variable": {
    "Count_Person": {
      "by_entity": {
        "": {
          "ordered_facets": [
            {
              "facet_id": "2176550201"
            },
            {
              "facet_id": "1145703171"
            },
            {
              "facet_id": "2825511676"
            },
            {
              "facet_id": "1226172227"
            },
            {
              "facet_id": "1964317807"
            },
            {
              "facet_id": "2517965213"
            },
            {
              "facet_id": "2458695583"
            }
          ]
        }
      }
    },
    "Median_Age_Person": {
      "by_entity": {
        "": {
          "ordered_facets": [
            {
              "facet_id": "3795540742"
            },
            {
              "facet_id": "815809675"
            }
          ]
        }
      }
    }
  },
  "facets": {
    "1145703171": {
      "import_name": "CensusACS5YearSurvey",
      "provenance_url": "https://www.census.gov/programs-surveys/acs/data/data-via-ftp.html",
      "measurement_method": "CensusACS5yrSurvey"
    },
    "1226172227": {
      "import_name": "CensusACS1YearSurvey",
      "provenance_url": "https://www.census.gov/programs-surveys/acs/data/data-via-ftp.html",
      "measurement_method": "CensusACS1yrSurvey"
    },
    "1964317807": {
      "import_name": "CensusACS5YearSurvey_SubjectTables_S0101",
      "provenance_url": "https://data.census.gov/table?q=S0101:+Age+and+Sex&tid=ACSST1Y2022.S0101",
      "measurement_method": "CensusACS5yrSurveySubjectTable"
    },
    "2176550201": {
      "import_name": "USCensusPEP_Annual_Population",
      "provenance_url": "https://www2.census.gov/programs-surveys/popest/tables",
      "measurement_method": "CensusPEPSurvey",
      "observation_period": "P1Y"
    },
    "2458695583": {
      "import_name": "WikidataPopulation",
      "provenance_url": "https://www.wikidata.org/wiki/Wikidata:Main_Page",
      "measurement_method": "WikidataPopulation"
    },
    "2517965213": {
      "import_name": "CensusPEP",
      "provenance_url": "https://www.census.gov/programs-surveys/popest.html",
      "measurement_method": "CensusPEPSurvey"
    },
    "2825511676": {
      "import_name": "CDC_Mortality_UnderlyingCause",
      "provenance_url": "https://wonder.cdc.gov/ucd-icd10.html"
    },
    "3795540742": {
      "import_name": "CensusACS5YearSurvey",
      "provenance_url": "https://www.census.gov/programs-surveys/acs/data/data-via-ftp.html",
      "measurement_method": "CensusACS5yrSurvey",
      "unit": "Year"
    },
    "815809675": {
      "import_name": "CensusACS5YearSurvey_SubjectTables_S0101",
      "provenance_url": "https://data.census.gov/table?q=S0101:+Age+and+Sex&tid=ACSST1Y2022.S0101",
      "measurement_method": "CensusACS5yrSurveySubjectTable",
      "unit": "Years"
    }
  }
}