{
  "by_variable": {
    "Count_Person": {
      "by_entity": {
        "": {
          "ordered_facets": [
            {
              "facet_id": "2123271870"
            },
            {
              "facet_id": "4181918134"
            },
            {
              "facet_id": "1151455814"
            },
            {
              "facet_id": "1794369807"
            },
            {
              "facet_id": "473499523"
            },
            {
              "facet_id": "2458695583"
            }
          ]
        }
      }
    },
    "Median_Age_Person": {
      "by_entity": {
        "": {}
      }
    }
  },
  "facets": {
    "1151455814": {
      "import_name": "OECDRegionalDemography",
      "provenance_url": "https://stats.oecd.org/Index.aspx?DataSetCode=REGION_DEMOGR#",
      "measurement_method": "OECDRegionalStatistics",
      "observation_period": "P1Y"
    },
    "1794369807": {
      "import_name": "UNData",
      "provenance_url": "https://data.un.org/Data.aspx?q=city+population&d=POP&f=tableCode%3a240",
      "measurement_method": "UNData"
    },
    "2123271870": {
      "import_name": "IndiaCensus_Primary",
      "provenance_url": "https://censusindia.gov.in/"
    },
    "2458695583": {
      "import_name": "WikidataPopulation",
      "provenance_url": "https://www.wikidata.org/wiki/Wikidata:Main_Page",
      "measurement_method": "WikidataPopulation"
    },
    "4181918134": {
      "import_name": "OECDRegionalDemography_Population",
      "provenance_url": "https://data-explorer.oecd.org/vis?fs[0]=Topic%2C0%7CRegional%252C%20rural%20and%20urban%20development%23GEO%23&pg=40&fc=Topic&bp=true&snb=117&df[ds]=dsDisseminateFinalDMZ&df[id]=DSD_REG_DEMO%40DF_POP_5Y&df[ag]=OECD.CFE.EDS&df[vs]=2.0&dq=A.......&to[TIME_PERIOD]=false&vw=tb&pd=%2C",
      "measurement_method": "OECDRegionalStatistics",
      "observation_period": "P1Y"
    },
    "473499523": {
      "import_name": "Subnational_Demographics_Stats",
      "provenance_url": "https://databank.worldbank.org/source/subnational-population",
      "measurement_method": "WorldBankSubnationalPopulationEstimate",
      "observation_period": "P1Y"
    }
  }
}