{
  "placeCoordinates": [
    {
      "latitude": 37.42,
      "longitude": -122.08,
      "placeDcids": [
        "zip/94043",
        "ipcc_50/37.25_-122.25_USA",
        "geoId/sch0626310",
        "geoId/sch0626280",
        "geoId/0649670",
        "geoId/0618",
        "geoId/0608592830",
        "geoId/060855046011",
        "geoId/06085504601",
        "geoId/06085",
        "geoId/06",
        "country/USA"
      ],
      "places": [
        {
          "dcid": "zip/94043",
          "dominantType": "CensusZipCodeTabulationArea"
        },
        {
          "dcid": "ipcc_50/37.25_-122.25_USA",
          "dominantType": "IPCCPlace_50"
        },
        {
          "dcid": "geoId/sch0626310",
          "dominantType": "SchoolDistrict"
        },
        {
          "dcid": "geoId/sch0626280",
          "dominantType": "SchoolDistrict"
        },
        {
          "dcid": "geoId/0649670",
          "dominantType": "City"
        },
        {
          "dcid": "geoId/0618",
          "dominantType": "CongressionalDistrict"
        },
        {
          "dcid": "geoId/0608592830",
          "dominantType": "CensusCountyDivision"
        },
        {
          "dcid": "geoId/060855046011",
          "dominantType": "CensusBlockGroup"
        },
        {
          "dcid": "geoId/06085504601",
          "dominantType": "CensusTract"
        },
        {
          "dcid": "geoId/06085",
          "dominantType": "County"
        },
        {
          "dcid": "geoId/06",
          "dominantType": "State"
        },
        {
          "dcid": "country/USA",
          "dominantType": "Country"
        }
      ]
    },
    {
      "latitude": 32.41,
      "longitude": -102.11,
      "placeDcids": [
        "ipcc_50/32.25_-102.25_USA",
        "geoId/sch4825790",
        "geoId/483179501001",
        "geoId/48317950100",
        "geoId/4831793835",
        "geoId/48317",
        "geoId/4811",
        "geoId/48",
        "country/USA"
      ],
      "places": [
        {
          "dcid": "ipcc_50/32.25_-102.25_USA",
          "dominantType": "IPCCPlace_50"
        },
        {
          "dcid": "geoId/sch4825790",
          "dominantType": "SchoolDistrict"
        },
        {
          "dcid": "geoId/483179501001",
          "dominantType": "CensusBlockGroup"
        },
        {
          "dcid": "geoId/48317950100",
          "dominantType": "CensusTract"
        },
        {
          "dcid": "geoId/4831793835",
          "dominantType": "CensusCountyDivision"
        },
        {
          "dcid": "geoId/48317",
          "dominantType": "County"
        },
        {
          "dcid": "geoId/4811",
          "dominantType": "CongressionalDistrict"
        },
        {
          "dcid": "geoId/48",
          "dominantType": "State"
        },
        {
          "dcid": "country/USA",
          "dominantType": "Country"
        }
      ]
    },
    {
      "latitude": -6.72177,
      "longitude": -38.18998,
      "placeDcids": [
        "wikidataId/Q38088",
        "ipcc_50/-6.75_-38.25_BRA",
        "country/BRA"
      ],
      "places": [
        {
          "dcid": "wikidataId/Q38088",
          "dominantType": "AdministrativeArea1"
        },
        {
          "dcid": "ipcc_50/-6.75_-38.25_BRA",
          "dominantType": "IPCCPlace_50"
        },
        {
          "dcid": "country/BRA",
          "dominantType": "Country"
        }
      ]
    }
  ]
}