{
  "data": {
    "test_var_1": {
      "arcs": {
        "measuredProperty": {
          "nodes": [
            {
              "name": "total number of sql query used",
              "types": [
                "StatisticalVariable"
              ],
              "dcid": "test_var_1"
            }
          ]
        }
      }
    }
  }
}