{
  "Aadhaar": [
    {
      "SubjectID": "Aadhaar",
      "Predicate": "description",
      "ObjectID": "",
      "ObjectValue": "Aadhaar is a 12-digit unique identity number that can be obtained voluntarily by all residents of India",
      "ObjectBytes": null,
      "Provenance": "dc/base/BaseSchema",
      "Name": "",
      "Types": []
    },
    {
      "SubjectID": "Aadhaar",
      "Predicate": "isProvisional",
      "ObjectID": "True",
      "ObjectValue": "",
      "ObjectBytes": null,
      "Provenance": "dc/base/BaseSchema",
      "Name": "True",
      "Types": [
        "Boolean"
      ]
    },
    {
      "SubjectID": "Aadhaar",
      "Predicate": "name",
      "ObjectID": "",
      "ObjectValue": "Aadhaar",
      "ObjectBytes": null,
      "Provenance": "dc/base/BaseSchema",
      "Name": "",
      "Types": []
    },
    {
      "SubjectID": "Aadhaar",
      "Predicate": "provenance",
      "ObjectID": "dc/base/BaseSchema",
      "ObjectValue": "",
      "ObjectBytes": null,
      "Provenance": "dc/base/BaseSchema",
      "Name": "BaseSchema",
      "Types": [
        "Provenance"
      ]
    },
    {
      "SubjectID": "Aadhaar",
      "Predicate": "typeOf",
      "ObjectID": "GovernmentIdEnum",
      "ObjectValue": "",
      "ObjectBytes": null,
      "Provenance": "dc/base/BaseSchema",
      "Name": "GovernmentIdEnum",
      "Types": [
        "Class"
      ]
    },
    {
      "SubjectID": "Aadhaar",
      "Predicate": "typeOf",
      "ObjectID": "GovernmentIdentifierEnum",
      "ObjectValue": "",
      "ObjectBytes": null,
      "Provenance": "dc/base/BaseSchema",
      "Name": "GovernmentIdentifierEnum",
      "Types": [
        "Class"
      ]
    }
  ],
  "Monthly_Average_RetailPrice_Electricity_Residential": [
    {
      "SubjectID": "Monthly_Average_RetailPrice_Electricity_Residential",
      "Predicate": "constraintProperties",
      "ObjectID": "consumingSector",
      "ObjectValue": "",
      "ObjectBytes": null,
      "Provenance": "dc/base/HumanReadableStatVars",
      "Name": "consumingSector",
      "Types": [
        "Property"
      ]
    },
    {
      "SubjectID": "Monthly_Average_RetailPrice_Electricity_Residential",
      "Predicate": "consumingSector",
      "ObjectID": "Residential",
      "ObjectValue": "",
      "ObjectBytes": null,
      "Provenance": "dc/base/HumanReadableStatVars",
      "Name": "Residential",
      "Types": [
        "ElectricityConsumptionSectorEnum",
        "ElectricityProductionSectorEnum"
      ]
    },
    {
      "SubjectID": "Monthly_Average_RetailPrice_Electricity_Residential",
      "Predicate": "measuredProperty",
      "ObjectID": "retailPrice",
      "ObjectValue": "",
      "ObjectBytes": null,
      "Provenance": "dc/base/HumanReadableStatVars",
      "Name": "retailPrice",
      "Types": [
        "Property"
      ]
    },
    {
      "SubjectID": "Monthly_Average_RetailPrice_Electricity_Residential",
      "Predicate": "measurementQualifier",
      "ObjectID": "Monthly",
      "ObjectValue": "",
      "ObjectBytes": null,
      "Provenance": "dc/base/HumanReadableStatVars",
      "Name": "Monthly",
      "Types": [
        "StatAccumulationPeriodEnum"
      ]
    },
    {
      "SubjectID": "Monthly_Average_RetailPrice_Electricity_Residential",
      "Predicate": "memberOf",
      "ObjectID": "dc/g/Electricity_ConsumingSector-Residential",
      "ObjectValue": "",
      "ObjectBytes": null,
      "Provenance": "dc/base/HumanReadableStatVars",
      "Name": "Electricity With Consuming Sector = Residential",
      "Types": [
        "StatVarGroup"
      ]
    },
    {
      "SubjectID": "Monthly_Average_RetailPrice_Electricity_Residential",
      "Predicate": "memberOf",
      "ObjectID": "eia/g/ELEC.1012",
      "ObjectValue": "",
      "ObjectBytes": null,
      "Provenance": "dc/base/HumanReadableStatVars",
      "Name": "Residential",
      "Types": [
        "StatVarGroup"
      ]
    },
    {
      "SubjectID": "Monthly_Average_RetailPrice_Electricity_Residential",
      "Predicate": "name",
      "ObjectID": "",
      "ObjectValue": "Average retail price of electricity, residential, monthly",
      "ObjectBytes": null,
      "Provenance": "dc/base/HumanReadableStatVars",
      "Name": "",
      "Types": []
    },
    {
      "SubjectID": "Monthly_Average_RetailPrice_Electricity_Residential",
      "Predicate": "populationType",
      "ObjectID": "Electricity",
      "ObjectValue": "",
      "ObjectBytes": null,
      "Provenance": "dc/base/HumanReadableStatVars",
      "Name": "Electricity",
      "Types": [
        "Class"
      ]
    },
    {
      "SubjectID": "Monthly_Average_RetailPrice_Electricity_Residential",
      "Predicate": "provenance",
      "ObjectID": "dc/base/HumanReadableStatVars",
      "ObjectValue": "",
      "ObjectBytes": null,
      "Provenance": "dc/base/HumanReadableStatVars",
      "Name": "HumanReadableStatVars",
      "Types": [
        "Provenance"
      ]
    },
    {
      "SubjectID": "Monthly_Average_RetailPrice_Electricity_Residential",
      "Predicate": "statType",
      "ObjectID": "meanValue",
      "ObjectValue": "",
      "ObjectBytes": null,
      "Provenance": "dc/base/HumanReadableStatVars",
      "Name": "meanValue",
      "Types": [
        "Property"
      ]
    },
    {
      "SubjectID": "Monthly_Average_RetailPrice_Electricity_Residential",
      "Predicate": "typeOf",
      "ObjectID": "StatisticalVariable",
      "ObjectValue": "",
      "ObjectBytes": null,
      "Provenance": "dc/base/HumanReadableStatVars",
      "Name": "StatisticalVariable",
      "Types": [
        "Class"
      ]
    }
  ],
  "foo": []
}