{
  "Count_Person": [],
  "country/USA": [],
  "foo": [],
  "undata-geo:G00003340": [
    "Q30"
  ]
}