{
  "by_variable": {
    "test_var_1": {
      "by_entity": {
        "geoId/06": {
          "ordered_facets": [
            {
              "facet_id": "2921750529",
              "observations": [
                {
                  "date": "2015",
                  "value": 42
                }
              ],
              "obs_count": 1,
              "earliest_date": "2015",
              "latest_date": "2015"
            }
          ]
        }
      }
    }
  },
  "facets": {
    "2921750529": {
      "import_name": "Custom Prov",
      "provenance_url": "custom.datacommons.org"
    }
  }
}