{
  "by_variable": {
    "AirQualityIndex_AirPollutant": {
      "by_entity": {
        "country/FRA": {},
        "country/USA": {},
        "dummy": {},
        "geoId/06": {},
        "geoId/0649670": {}
      }
    },
    "Amount_EconomicActivity_GrossNationalIncome_PurchasingPowerParity_PerCapita": {
      "by_entity": {
        "country/FRA": {
          "ordered_facets": [
            {
              "facet_id": "2171028778",
              "observations": [
                {
                  "date": "2022",
                  "value": 56370
                }
              ],
              "obs_count": 1,
              "earliest_date": "2022",
              "latest_date": "2022"
            }
          ]
        },
        "country/USA": {
          "ordered_facets": [
            {
              "facet_id": "2171028778",
              "observations": [
                {
                  "date": "2022",
                  "value": 77950
                }
              ],
              "obs_count": 1,
              "earliest_date": "2022",
              "latest_date": "2022"
            }
          ]
        },
        "dummy": {},
        "geoId/06": {},
        "geoId/0649670": {}
      }
    },
    "Annual_Generation_Electricity": {
      "by_entity": {
        "country/FRA": {},
        "country/USA": {
          "ordered_facets": [
            {
              "facet_id": "1450533103",
              "observations": [
                {
                  "date": "2019",
                  "value": 4405511000000
                }
              ],
              "obs_count": 1,
              "earliest_date": "2019",
              "latest_date": "2019"
            },
            {
              "facet_id": "2392525955",
              "observations": [
                {
                  "date": "2020",
                  "value": 4009084999080
                }
              ],
              "obs_count": 1,
              "earliest_date": "2020",
              "latest_date": "2020"
            }
          ]
        },
        "dummy": {},
        "geoId/06": {
          "ordered_facets": [
            {
              "facet_id": "2392525955",
              "observations": [
                {
                  "date": "2020",
                  "value": 194110262920
                }
              ],
              "obs_count": 1,
              "earliest_date": "2020",
              "latest_date": "2020"
            }
          ]
        },
        "geoId/0649670": {}
      }
    },
    "Area_Farm": {
      "by_entity": {
        "country/FRA": {},
        "country/USA": {
          "ordered_facets": [
            {
              "facet_id": "2584936238",
              "observations": [
                {
                  "date": "2017",
                  "value": 900217576
                }
              ],
              "obs_count": 1,
              "earliest_date": "2017",
              "latest_date": "2017"
            }
          ]
        },
        "dummy": {},
        "geoId/06": {
          "ordered_facets": [
            {
              "facet_id": "2584936238",
              "observations": [
                {
                  "date": "2017",
                  "value": 24522801
                }
              ],
              "obs_count": 1,
              "earliest_date": "2017",
              "latest_date": "2017"
            }
          ]
        },
        "geoId/0649670": {}
      }
    },
    "Count_CriminalActivities_CombinedCrime": {
      "by_entity": {
        "country/FRA": {},
        "country/USA": {
          "ordered_facets": [
            {
              "facet_id": "2343540064",
              "observations": [
                {
                  "date": "2022",
                  "value": 7782709
                }
              ],
              "obs_count": 1,
              "earliest_date": "2022",
              "latest_date": "2022"
            }
          ]
        },
        "dummy": {},
        "geoId/06": {
          "ordered_facets": [
            {
              "facet_id": "4277990144",
              "observations": [
                {
                  "date": "2022",
                  "value": 1109452
                }
              ],
              "obs_count": 1,
              "earliest_date": "2022",
              "latest_date": "2022"
            }
          ]
        },
        "geoId/0649670": {
          "ordered_facets": [
            {
              "facet_id": "4277990144",
              "observations": [
                {
                  "date": "2019",
                  "value": 2634
                }
              ],
              "obs_count": 1,
              "earliest_date": "2019",
              "latest_date": "2019"
            }
          ]
        }
      }
    },
    "Count_Person": {
      "by_entity": {
        "country/FRA": {
          "ordered_facets": [
            {
              "facet_id": "858679853",
              "observations": [
                {
                  "date": "2019",
                  "value": 67012883
                }
              ],
              "obs_count": 1,
              "earliest_date": "2019",
              "latest_date": "2019"
            },
            {
              "facet_id": "3981252704",
              "observations": [
                {
                  "date": "2022",
                  "value": 67971311
                }
              ],
              "obs_count": 1,
              "earliest_date": "2022",
              "latest_date": "2022"
            },
            {
              "facet_id": "1151455814",
              "observations": [
                {
                  "date": "2022",
                  "value": 67871900
                }
              ],
              "obs_count": 1,
              "earliest_date": "2022",
              "latest_date": "2022"
            },
            {
              "facet_id": "4089091283",
              "observations": [
                {
                  "date": "2022",
                  "value": 67871925
                }
              ],
              "obs_count": 1,
              "earliest_date": "2022",
              "latest_date": "2022"
            },
            {
              "facet_id": "738965619",
              "observations": [
                {
                  "date": "2019",
                  "value": 66992699
                }
              ],
              "obs_count": 1,
              "earliest_date": "2019",
              "latest_date": "2019"
            }
          ]
        },
        "country/USA": {
          "ordered_facets": [
            {
              "facet_id": "2176550201",
              "observations": [
                {
                  "date": "2022",
                  "value": 333287557
                }
              ],
              "obs_count": 1,
              "earliest_date": "2022",
              "latest_date": "2022"
            },
            {
              "facet_id": "1273233945",
              "observations": [
                {
                  "date": "2022",
                  "value": 334369975
                }
              ],
              "obs_count": 1,
              "earliest_date": "2022",
              "latest_date": "2022"
            },
            {
              "facet_id": "1145703171",
              "observations": [
                {
                  "date": "2022",
                  "value": 331097593
                }
              ],
              "obs_count": 1,
              "earliest_date": "2022",
              "latest_date": "2022"
            },
            {
              "facet_id": "1541763368",
              "observations": [
                {
                  "date": "2020",
                  "value": 331449281
                }
              ],
              "obs_count": 1,
              "earliest_date": "2020",
              "latest_date": "2020"
            },
            {
              "facet_id": "3981252704",
              "observations": [
                {
                  "date": "2022",
                  "value": 333287557
                }
              ],
              "obs_count": 1,
              "earliest_date": "2022",
              "latest_date": "2022"
            },
            {
              "facet_id": "1151455814",
              "observations": [
                {
                  "date": "2022",
                  "value": 333288000
                }
              ],
              "obs_count": 1,
              "earliest_date": "2022",
              "latest_date": "2022"
            },
            {
              "facet_id": "10983471",
              "observations": [
                {
                  "date": "2022",
                  "value": 331097593
                }
              ],
              "obs_count": 1,
              "earliest_date": "2022",
              "latest_date": "2022"
            },
            {
              "facet_id": "1964317807",
              "observations": [
                {
                  "date": "2021",
                  "value": 329725481
                }
              ],
              "obs_count": 1,
              "earliest_date": "2021",
              "latest_date": "2021"
            },
            {
              "facet_id": "196790193",
              "observations": [
                {
                  "date": "2021",
                  "value": 329725481
                }
              ],
              "obs_count": 1,
              "earliest_date": "2021",
              "latest_date": "2021"
            },
            {
              "facet_id": "217147238",
              "observations": [
                {
                  "date": "2021",
                  "value": 329725481
                }
              ],
              "obs_count": 1,
              "earliest_date": "2021",
              "latest_date": "2021"
            },
            {
              "facet_id": "2825511676",
              "observations": [
                {
                  "date": "2020",
                  "value": 329484123
                }
              ],
              "obs_count": 1,
              "earliest_date": "2020",
              "latest_date": "2020"
            },
            {
              "facet_id": "2517965213",
              "observations": [
                {
                  "date": "2019",
                  "value": 328239523
                }
              ],
              "obs_count": 1,
              "earliest_date": "2019",
              "latest_date": "2019"
            },
            {
              "facet_id": "1226172227",
              "observations": [
                {
                  "date": "2019",
                  "value": 328239523
                }
              ],
              "obs_count": 1,
              "earliest_date": "2019",
              "latest_date": "2019"
            }
          ]
        },
        "dummy": {},
        "geoId/06": {
          "ordered_facets": [
            {
              "facet_id": "custom",
              "observations": [
                {
                  "date": "2010",
                  "value": 999999
                }
              ],
              "obs_count": 1,
              "earliest_date": "2010",
              "latest_date": "2010"
            },
            {
              "facet_id": "2176550201",
              "observations": [
                {
                  "date": "2022",
                  "value": 39029342
                }
              ],
              "obs_count": 1,
              "earliest_date": "2022",
              "latest_date": "2022"
            },
            {
              "facet_id": "1145703171",
              "observations": [
                {
                  "date": "2022",
                  "value": 39356104
                }
              ],
              "obs_count": 1,
              "earliest_date": "2022",
              "latest_date": "2022"
            },
            {
              "facet_id": "1541763368",
              "observations": [
                {
                  "date": "2020",
                  "value": 39538223
                }
              ],
              "obs_count": 1,
              "earliest_date": "2020",
              "latest_date": "2020"
            },
            {
              "facet_id": "1151455814",
              "observations": [
                {
                  "date": "2022",
                  "value": 39029300
                }
              ],
              "obs_count": 1,
              "earliest_date": "2022",
              "latest_date": "2022"
            },
            {
              "facet_id": "10983471",
              "observations": [
                {
                  "date": "2022",
                  "value": 39356104
                }
              ],
              "obs_count": 1,
              "earliest_date": "2022",
              "latest_date": "2022"
            },
            {
              "facet_id": "1964317807",
              "observations": [
                {
                  "date": "2021",
                  "value": 39455353
                }
              ],
              "obs_count": 1,
              "earliest_date": "2021",
              "latest_date": "2021"
            },
            {
              "facet_id": "196790193",
              "observations": [
                {
                  "date": "2021",
                  "value": 39455353
                }
              ],
              "obs_count": 1,
              "earliest_date": "2021",
              "latest_date": "2021"
            },
            {
              "facet_id": "2825511676",
              "observations": [
                {
                  "date": "2020",
                  "value": 39368078
                }
              ],
              "obs_count": 1,
              "earliest_date": "2020",
              "latest_date": "2020"
            },
            {
              "facet_id": "2517965213",
              "observations": [
                {
                  "date": "2019",
                  "value": 39512223
                }
              ],
              "obs_count": 1,
              "earliest_date": "2019",
              "latest_date": "2019"
            },
            {
              "facet_id": "1226172227",
              "observations": [
                {
                  "date": "2019",
                  "value": 39512223
                }
              ],
              "obs_count": 1,
              "earliest_date": "2019",
              "latest_date": "2019"
            }
          ]
        },
        "geoId/0649670": {
          "ordered_facets": [
            {
              "facet_id": "2176550201",
              "observations": [
                {
                  "date": "2022",
                  "value": 81059
                }
              ],
              "obs_count": 1,
              "earliest_date": "2022",
              "latest_date": "2022"
            },
            {
              "facet_id": "1145703171",
              "observations": [
                {
                  "date": "2022",
                  "value": 82132
                }
              ],
              "obs_count": 1,
              "earliest_date": "2022",
              "latest_date": "2022"
            },
            {
              "facet_id": "1541763368",
              "observations": [
                {
                  "date": "2020",
                  "value": 82376
                }
              ],
              "obs_count": 1,
              "earliest_date": "2020",
              "latest_date": "2020"
            },
            {
              "facet_id": "1964317807",
              "observations": [
                {
                  "date": "2021",
                  "value": 82409
                }
              ],
              "obs_count": 1,
              "earliest_date": "2021",
              "latest_date": "2021"
            },
            {
              "facet_id": "1226172227",
              "observations": [
                {
                  "date": "2019",
                  "value": 82726
                }
              ],
              "obs_count": 1,
              "earliest_date": "2019",
              "latest_date": "2019"
            },
            {
              "facet_id": "2517965213",
              "observations": [
                {
                  "date": "2018",
                  "value": 83377
                }
              ],
              "obs_count": 1,
              "earliest_date": "2018",
              "latest_date": "2018"
            }
          ]
        }
      }
    },
    "Count_Person_Unemployed": {
      "by_entity": {
        "country/FRA": {},
        "country/USA": {
          "ordered_facets": [
            {
              "facet_id": "3707913853",
              "observations": [
                {
                  "date": "2024-08",
                  "value": 7115000
                }
              ],
              "obs_count": 1,
              "earliest_date": "2024-08",
              "latest_date": "2024-08"
            },
            {
              "facet_id": "1714978719",
              "observations": [
                {
                  "date": "2024-06",
                  "value": 6651000
                }
              ],
              "obs_count": 1,
              "earliest_date": "2024-06",
              "latest_date": "2024-06"
            }
          ]
        },
        "dummy": {},
        "geoId/06": {
          "ordered_facets": [
            {
              "facet_id": "324358135",
              "observations": [
                {
                  "date": "2024-08",
                  "value": 1140496
                }
              ],
              "obs_count": 1,
              "earliest_date": "2024-08",
              "latest_date": "2024-08"
            },
            {
              "facet_id": "2978659163",
              "observations": [
                {
                  "date": "2023",
                  "value": 919958
                }
              ],
              "obs_count": 1,
              "earliest_date": "2023",
              "latest_date": "2023"
            },
            {
              "facet_id": "1249140336",
              "observations": [
                {
                  "date": "2024-08",
                  "value": 1019993
                }
              ],
              "obs_count": 1,
              "earliest_date": "2024-08",
              "latest_date": "2024-08"
            }
          ]
        },
        "geoId/0649670": {
          "ordered_facets": [
            {
              "facet_id": "324358135",
              "observations": [
                {
                  "date": "2024-07",
                  "value": 1760
                }
              ],
              "obs_count": 1,
              "earliest_date": "2024-07",
              "latest_date": "2024-07"
            },
            {
              "facet_id": "2978659163",
              "observations": [
                {
                  "date": "2023",
                  "value": 1442
                }
              ],
              "obs_count": 1,
              "earliest_date": "2023",
              "latest_date": "2023"
            }
          ]
        }
      }
    },
    "test_var_1": {
      "by_entity": {
        "country/FRA": {},
        "country/USA": {},
        "dummy": {},
        "geoId/06": {
          "ordered_facets": [
            {
              "facet_id": "custom",
              "observations": [
                {
                  "date": "2015",
                  "value": 42
                }
              ],
              "obs_count": 1,
              "earliest_date": "2015",
              "latest_date": "2015"
            }
          ]
        },
        "geoId/0649670": {}
      }
    }
  },
  "facets": {
    "10983471": {
      "import_name": "CensusACS5YearSurvey_SubjectTables_S2601A",
      "provenance_url": "https://data.census.gov/cedsci/table?q=S2601A&tid=ACSST5Y2019.S2601A",
      "measurement_method": "CensusACS5yrSurveySubjectTable"
    },
    "1145703171": {
      "import_name": "CensusACS5YearSurvey",
      "provenance_url": "https://www.census.gov/programs-surveys/acs/data/data-via-ftp.html",
      "measurement_method": "CensusACS5yrSurvey"
    },
    "1151455814": {
      "import_name": "OECDRegionalDemography",
      "provenance_url": "https://stats.oecd.org/Index.aspx?DataSetCode=REGION_DEMOGR#",
      "measurement_method": "OECDRegionalStatistics",
      "observation_period": "P1Y"
    },
    "1226172227": {
      "import_name": "CensusACS1YearSurvey",
      "provenance_url": "https://www.census.gov/programs-surveys/acs/data/data-via-ftp.html",
      "measurement_method": "CensusACS1yrSurvey"
    },
    "1249140336": {
      "import_name": "BLS_LAUS",
      "provenance_url": "https://www.bls.gov/lau/",
      "measurement_method": "BLSSeasonallyAdjusted",
      "observation_period": "P1M"
    },
    "1273233945": {
      "import_name": "CensusACS5YearSurvey_AggCountry",
      "provenance_url": "https://www.census.gov/",
      "measurement_method": "CensusACS5yrSurvey"
    },
    "1450533103": {
      "import_name": "UNEnergy",
      "provenance_url": "https://unstats.un.org/unsd/energystats/data/",
      "observation_period": "P1Y",
      "unit": "KilowattHour"
    },
    "1541763368": {
      "import_name": "USDecennialCensus_RedistrictingRelease",
      "provenance_url": "https://www.census.gov/programs-surveys/decennial-census/about/rdo/summary-files.html",
      "measurement_method": "USDecennialCensus"
    },
    "1714978719": {
      "import_name": "BLS_CPS",
      "provenance_url": "https://www.bls.gov/cps/",
      "measurement_method": "BLSSeasonallyAdjusted",
      "observation_period": "P3M"
    },
    "1964317807": {
      "import_name": "CensusACS5YearSurvey_SubjectTables_S0101",
      "provenance_url": "https://data.census.gov/table?q=S0101:+Age+and+Sex&tid=ACSST1Y2022.S0101",
      "measurement_method": "CensusACS5yrSurveySubjectTable"
    },
    "196790193": {
      "import_name": "CensusACS5YearSurvey_SubjectTables_S2602",
      "provenance_url": "https://data.census.gov/cedsci/table?q=S2602&tid=ACSST5Y2019.S2602",
      "measurement_method": "CensusACS5yrSurveySubjectTable"
    },
    "2171028778": {
      "import_name": "WorldDevelopmentIndicators",
      "provenance_url": "https://datacatalog.worldbank.org/dataset/world-development-indicators/",
      "observation_period": "P1Y",
      "unit": "InternationalDollar"
    },
    "217147238": {
      "import_name": "CensusACS5YearSurvey_SubjectTables_S2603",
      "provenance_url": "https://data.census.gov/cedsci/table?q=S2603&tid=ACSST5Y2019.S2603",
      "measurement_method": "CensusACS5yrSurveySubjectTable"
    },
    "2176550201": {
      "import_name": "USCensusPEP_Annual_Population",
      "provenance_url": "https://www2.census.gov/programs-surveys/popest/tables",
      "measurement_method": "CensusPEPSurvey",
      "observation_period": "P1Y"
    },
    "2343540064": {
      "import_name": "FBIGovCrime_AggCountry",
      "provenance_url": "http://www.fbi.gov/services/cjis/ucr",
      "observation_period": "P1Y"
    },
    "2392525955": {
      "import_name": "EIA_Electricity",
      "provenance_url": "https://www.eia.gov/opendata/qb.php?category=0",
      "unit": "KilowattHour"
    },
    "2517965213": {
      "import_name": "CensusPEP",
      "provenance_url": "https://www.census.gov/programs-surveys/popest.html",
      "measurement_method": "CensusPEPSurvey"
    },
    "2584936238": {
      "import_name": "USDA_AgricultureCensus",
      "provenance_url": "https://www.nass.usda.gov/AgCensus/",
      "observation_period": "P5Y",
      "unit": "Acre"
    },
    "2825511676": {
      "import_name": "CDC_Mortality_UnderlyingCause",
      "provenance_url": "https://wonder.cdc.gov/ucd-icd10.html"
    },
    "2978659163": {
      "import_name": "BLS_LAUS",
      "provenance_url": "https://www.bls.gov/lau/",
      "measurement_method": "BLSSeasonallyUnadjusted",
      "observation_period": "P1Y"
    },
    "324358135": {
      "import_name": "BLS_LAUS",
      "provenance_url": "https://www.bls.gov/lau/",
      "measurement_method": "BLSSeasonallyUnadjusted",
      "observation_period": "P1M"
    },
    "3707913853": {
      "import_name": "BLS_CPS",
      "provenance_url": "https://www.bls.gov/cps/",
      "measurement_method": "BLSSeasonallyAdjusted",
      "observation_period": "P1M"
    },
    "3981252704": {
      "import_name": "WorldDevelopmentIndicators",
      "provenance_url": "https://datacatalog.worldbank.org/dataset/world-development-indicators/",
      "observation_period": "P1Y"
    },
    "4089091283": {
      "import_name": "EurostatData_Demographic_Balance_Crude_Rates",
      "provenance_url": "https://ec.europa.eu/eurostat/api/dissemination/sdmx/2.1/data/demo_r_gind3/?format=TSV&compressed=true"
    },
    "4277990144": {
      "import_name": "FBIGovCrime",
      "provenance_url": "http://www.fbi.gov/services/cjis/ucr",
      "observation_period": "P1Y"
    },
    "738965619": {
      "import_name": "FranceINSEE",
      "provenance_url": "https://www.insee.fr/en/metadonnees/source/indicateur/p1667/description",
      "measurement_method": "FranceINSEE"
    },
    "858679853": {
      "import_name": "EurostatData",
      "provenance_url": "https://ec.europa.eu/eurostat/data/database",
      "measurement_method": "EurostatRegionalPopulationData"
    },
    "custom": {
      "import_name": "Custom Prov",
      "provenance_url": "custom.datacommons.org"
    }
  }
}