{
  "by_variable": {
    "var_with_props": {
      "by_entity": {
        "country/GBR": {
          "ordered_facets": [
            {
              "facet_id": "2358228475",
              "observations": [
                {
                  "date": "2023",
                  "value": 2
                }
              ],
              "obs_count": 1,
              "earliest_date": "2023",
              "latest_date": "2023"
            },
            {
              "facet_id": "839667200",
              "observations": [
                {
                  "date": "2023",
                  "value": 4
                }
              ],
              "obs_count": 1,
              "earliest_date": "2023",
              "latest_date": "2023"
            }
          ]
        },
        "country/USA": {
          "ordered_facets": [
            {
              "facet_id": "2358228475",
              "observations": [
                {
                  "date": "2023",
                  "value": 1
                }
              ],
              "obs_count": 1,
              "earliest_date": "2023",
              "latest_date": "2023"
            },
            {
              "facet_id": "839667200",
              "observations": [
                {
                  "date": "2023",
                  "value": 3
                }
              ],
              "obs_count": 1,
              "earliest_date": "2023",
              "latest_date": "2023"
            }
          ]
        }
      }
    }
  },
  "facets": {
    "2358228475": {
      "import_name": "Custom Prov",
      "provenance_url": "custom.datacommons.org",
      "unit": "USD"
    },
    "839667200": {
      "import_name": "Custom Prov",
      "provenance_url": "custom.datacommons.org",
      "unit": "GBP"
    }
  }
}