{
  "dc/o/23gt9k7fql176": [
    {
      "subjectId": "dc/o/23gt9k7fql176",
      "predicate": "measurementMethod",
      "objectId": "dcAggregate/CensusACS5yrSurvey",
      "provenanceId": "dc/base/CensusACS5YearSurvey_AggCountry"
    },
    {
      "subjectId": "dc/o/23gt9k7fql176",
      "predicate": "observationAbout",
      "objectId": "country/USA",
      "objectName": "United States of America",
      "provenanceId": "dc/base/CensusACS5YearSurvey_AggCountry"
    },
    {
      "subjectId": "dc/o/23gt9k7fql176",
      "predicate": "observationDate",
      "objectValue": "2017",
      "provenanceId": "dc/base/CensusACS5YearSurvey_AggCountry"
    },
    {
      "subjectId": "dc/o/23gt9k7fql176",
      "predicate": "value",
      "objectValue": "324473370",
      "provenanceId": "dc/base/CensusACS5YearSurvey_AggCountry"
    },
    {
      "subjectId": "dc/o/23gt9k7fql176",
      "predicate": "variableMeasured",
      "objectId": "Count_Person",
      "objectName": "Total Population",
      "provenanceId": "dc/base/CensusACS5YearSurvey_AggCountry"
    }
  ],
  "dc/o/88cs3xqnmpp55": [
    {
      "subjectId": "dc/o/88cs3xqnmpp55",
      "predicate": "measurementMethod",
      "objectId": "CensusPEPSurvey",
      "objectName": "CensusPEPSurvey",
      "provenanceId": "dc/base/CensusPEP"
    },
    {
      "subjectId": "dc/o/88cs3xqnmpp55",
      "predicate": "observationAbout",
      "objectId": "country/USA",
      "objectName": "United States of America",
      "provenanceId": "dc/base/CensusPEP"
    },
    {
      "subjectId": "dc/o/88cs3xqnmpp55",
      "predicate": "observationDate",
      "objectValue": "1984",
      "provenanceId": "dc/base/CensusPEP"
    },
    {
      "subjectId": "dc/o/88cs3xqnmpp55",
      "predicate": "value",
      "objectValue": "235824908",
      "provenanceId": "dc/base/CensusPEP"
    },
    {
      "subjectId": "dc/o/88cs3xqnmpp55",
      "predicate": "variableMeasured",
      "objectId": "Count_Person",
      "objectName": "Total Population",
      "provenanceId": "dc/base/CensusPEP"
    }
  ],
  "dc/o/kyv7dxe4s18eh": [
    {
      "subjectId": "dc/o/kyv7dxe4s18eh",
      "predicate": "observationAbout",
      "objectId": "country/USA",
      "objectName": "United States of America",
      "provenanceId": "dc/base/WorldDevelopmentIndicators"
    },
    {
      "subjectId": "dc/o/kyv7dxe4s18eh",
      "predicate": "observationDate",
      "objectValue": "2007",
      "provenanceId": "dc/base/WorldDevelopmentIndicators"
    },
    {
      "subjectId": "dc/o/kyv7dxe4s18eh",
      "predicate": "observationPeriod",
      "objectValue": "P1Y",
      "provenanceId": "dc/base/WorldDevelopmentIndicators"
    },
    {
      "subjectId": "dc/o/kyv7dxe4s18eh",
      "predicate": "value",
      "objectValue": "301231207",
      "provenanceId": "dc/base/WorldDevelopmentIndicators"
    },
    {
      "subjectId": "dc/o/kyv7dxe4s18eh",
      "predicate": "variableMeasured",
      "objectId": "Count_Person",
      "objectName": "Total Population",
      "provenanceId": "dc/base/WorldDevelopmentIndicators"
    }
  ]
}